config.users=50000
config.knows=[3,8]
config.min_age=30
config.top=5
config.seed=7
nodes.users=50000
edges.knows=274835
# build.elapsed=542.825ms
# mem.heap_alloc=54.91 MiB
q.oldest_users.rows=5
# q.oldest_users.latency=16.317ms
# q.oldest_users.sample="Abigail Brown #20507" age 80
q.older_than=39596
# q.older_than.latency=4.595ms
q.knows_count=274835
# q.knows_count.latency=103.732ms
q.knows_sample.rows=1
# q.knows_sample.latency=11.45ms
# q.knows_sample="Scarlett Williams #0" KNOWS "Harper Garcia #31354" since 2022-03-26
sp.len=6
sp.len_matches_bibfs=1
asp.count=19
asp.all_min_length=1
# sp.oracle_bfs_dist=6 bibfs_hops=6
# sp.latency=28.005ms
# asp.latency=47.606ms
create.node_delta=2
create.edge_delta=2
unwind.created=3
merge.created=1
merge.created_second_pass=0
merge.matched_second_pass=1
set.updated=1
remove.cleared=1
delete.rel_removed=1
delete.nodes_kept=1
detach.node_removed=1
detach.rel_removed=1
users.final=50005
knows.final=274835
# write.merge_tag_after_create=created
# write.merge_tag_after_match=matched
# write.set_age=77
# write.elapsed=647.653ms
# trace=/Users/flaviocfo/dev/xumiga/GoGraph/docs/benchmarks/cypher-parse-lab-2026-09-16-round1/example22/trace.out
# pprof.cpu=/Users/flaviocfo/dev/xumiga/GoGraph/docs/benchmarks/cypher-parse-lab-2026-09-16-round1/example22/cpu.pprof
# pprof.heap=/Users/flaviocfo/dev/xumiga/GoGraph/docs/benchmarks/cypher-parse-lab-2026-09-16-round1/example22/heap.pprof
go_run_exit=0
