goos: darwin
goarch: arm64
pkg: github.com/FlavioCFOliveira/GoGraph/cypher/parser
cpu: Apple M4
BenchmarkFrontEndStage/Full/22_cypher-01-10         	     354	    696713 ns/op	   16221 B/op	     265 allocs/op
BenchmarkFrontEndStage/Full/22_cypher-02-10         	     244	    982164 ns/op	   20321 B/op	     324 allocs/op
BenchmarkFrontEndStage/Full/22_cypher-03-10         	     386	    626052 ns/op	   15327 B/op	     245 allocs/op
BenchmarkFrontEndStage/Full/22_cypher-04-10         	     141	   1650486 ns/op	   36643 B/op	     566 allocs/op
BenchmarkFrontEndStage/Full/22_cypher-05-10         	     349	    651846 ns/op	   14053 B/op	     224 allocs/op
BenchmarkFrontEndStage/Full/22_cypher-06-10         	     328	    721921 ns/op	   16148 B/op	     261 allocs/op
BenchmarkFrontEndStage/Full/22_cypher-07-10         	     328	    731618 ns/op	   16206 B/op	     261 allocs/op
BenchmarkFrontEndStage/Full/22_cypher-08-10         	      67	   3610461 ns/op	   66544 B/op	     976 allocs/op
BenchmarkFrontEndStage/Full/22_cypher-09-10         	     150	   1560169 ns/op	   29826 B/op	     453 allocs/op
BenchmarkFrontEndStage/Full/22_cypher-10-10         	     151	   1573600 ns/op	   33233 B/op	     500 allocs/op
BenchmarkFrontEndStage/Full/22_cypher-11-10         	     322	    741292 ns/op	   16249 B/op	     260 allocs/op
BenchmarkFrontEndStage/Full/22_cypher-12-10         	     392	    614975 ns/op	   13660 B/op	     223 allocs/op
BenchmarkFrontEndStage/Full/22_cypher-13-10         	     204	   1163438 ns/op	   24246 B/op	     367 allocs/op
BenchmarkFrontEndStage/Full/22_cypher-14-10         	     214	   1117391 ns/op	   23605 B/op	     362 allocs/op
BenchmarkFrontEndStage/Full/22_cypher-15-10         	     372	    648622 ns/op	   14585 B/op	     231 allocs/op
BenchmarkFrontEndStage/Full/22_cypher-16-10         	     207	   1155066 ns/op	   27153 B/op	     418 allocs/op
BenchmarkFrontEndStage/Full/22_cypher-17-10         	     139	   1738668 ns/op	   35130 B/op	     548 allocs/op
BenchmarkFrontEndStage/Full/22_cypher-18-10         	     136	   1710878 ns/op	   35143 B/op	     548 allocs/op
BenchmarkFrontEndStage/Full/19_pattern_query-01-10  	     219	   1049568 ns/op	   23487 B/op	     358 allocs/op
BenchmarkFrontEndStage/Full/19_pattern_query-02-10  	     224	   1056103 ns/op	   22780 B/op	     350 allocs/op
BenchmarkFrontEndStage/Full/19_pattern_query-03-10  	     225	   1062011 ns/op	   23071 B/op	     354 allocs/op
BenchmarkFrontEndStage/Full/25_software_house_api-01-10         	     332	    730716 ns/op	   14930 B/op	     234 allocs/op
BenchmarkFrontEndStage/Full/25_software_house_api-02-10         	     332	    714134 ns/op	   14919 B/op	     234 allocs/op
BenchmarkFrontEndStage/Full/25_software_house_api-03-10         	     609	    397340 ns/op	    9580 B/op	     161 allocs/op
BenchmarkFrontEndStage/Full/25_software_house_api-04-10         	     301	    778892 ns/op	   15382 B/op	     238 allocs/op
BenchmarkFrontEndStage/Full/25_software_house_api-05-10         	    2020	    118518 ns/op	    4465 B/op	      77 allocs/op
BenchmarkFrontEndStage/Full/25_software_house_api-06-10         	    2125	    119384 ns/op	    4568 B/op	      77 allocs/op
BenchmarkFrontEndStage/Full/25_software_house_api-07-10         	    2070	    118938 ns/op	    4520 B/op	      77 allocs/op
BenchmarkFrontEndStage/Full/25_software_house_api-08-10         	    2078	    119850 ns/op	    4504 B/op	      77 allocs/op
BenchmarkFrontEndStage/Full/25_software_house_api-09-10         	    2137	    114876 ns/op	    4496 B/op	      76 allocs/op
BenchmarkFrontEndStage/Full/25_software_house_api-10-10         	     288	    837923 ns/op	   18210 B/op	     292 allocs/op
BenchmarkFrontEndStage/Full/25_software_house_api-11-10         	     256	    942414 ns/op	   21677 B/op	     329 allocs/op
BenchmarkFrontEndStage/Full/25_software_house_api-12-10         	      81	   2982488 ns/op	   62130 B/op	     896 allocs/op
BenchmarkFrontEndStage/Full/25_software_house_api-13-10         	     100	   2331873 ns/op	   47300 B/op	     690 allocs/op
BenchmarkFrontEndStage/Full/25_software_house_api-14-10         	      84	   2871692 ns/op	   58529 B/op	     858 allocs/op
BenchmarkFrontEndStage/Full/25_software_house_api-15-10         	      84	   2802289 ns/op	   59171 B/op	     870 allocs/op
BenchmarkFrontEndStage/Full/25_software_house_api-16-10         	      93	   2656715 ns/op	   49441 B/op	     713 allocs/op
BenchmarkFrontEndStage/Full/25_software_house_api-17-10         	     157	   1504945 ns/op	   31954 B/op	     479 allocs/op
BenchmarkFrontEndStage/Full/25_software_house_api-18-10         	     259	    904532 ns/op	   22245 B/op	     333 allocs/op
BenchmarkFrontEndStage/Full/25_software_house_api-19-10         	     100	   2244427 ns/op	   50924 B/op	     754 allocs/op
BenchmarkFrontEndStage/Full/25_software_house_api-20-10         	     456	    544493 ns/op	   11465 B/op	     183 allocs/op
BenchmarkFrontEndStage/Full/25_software_house_api-21-10         	     625	    380111 ns/op	    9582 B/op	     161 allocs/op
BenchmarkFrontEndStage/Full/25_software_house_api-22-10         	     588	    391950 ns/op	    9551 B/op	     161 allocs/op
BenchmarkFrontEndStage/Full/25_software_house_api-23-10         	     638	    388270 ns/op	    9577 B/op	     161 allocs/op
BenchmarkFrontEndStage/Full/25_software_house_api-24-10         	     464	    487810 ns/op	   12422 B/op	     202 allocs/op
BenchmarkFrontEndStage/Full/25_software_house_api-25-10         	     470	    496837 ns/op	   12417 B/op	     202 allocs/op
BenchmarkFrontEndStage/Full/25_software_house_api-26-10         	     493	    491338 ns/op	   12425 B/op	     202 allocs/op
BenchmarkFrontEndStage/Full/25_software_house_api-27-10         	     380	    626712 ns/op	   15446 B/op	     257 allocs/op
BenchmarkFrontEndStage/Full/25_software_house_api-28-10         	     166	   1431560 ns/op	   31633 B/op	     491 allocs/op
BenchmarkFrontEndStage/Full/25_software_house_api-29-10         	     148	   1661554 ns/op	   36029 B/op	     560 allocs/op
BenchmarkFrontEndStage/Full/25_software_house_api-30-10         	     354	    669647 ns/op	   15586 B/op	     261 allocs/op
BenchmarkFrontEndStage/Full/25_software_house_api-31-10         	     315	    767231 ns/op	   16308 B/op	     262 allocs/op
BenchmarkFrontEndStage/Full/25_software_house_api-32-10         	     433	    550254 ns/op	   11649 B/op	     187 allocs/op
BenchmarkFrontEndStage/Full/24_social_network_cli-01-10         	     264	    903477 ns/op	   21141 B/op	     319 allocs/op
BenchmarkFrontEndStage/Full/24_social_network_cli-02-10         	     261	    904343 ns/op	   21731 B/op	     340 allocs/op
BenchmarkFrontEndStage/Full/24_social_network_cli-03-10         	     432	    566309 ns/op	   14089 B/op	     226 allocs/op
BenchmarkFrontEndStage/Full/24_social_network_cli-04-10         	     283	    838523 ns/op	   20619 B/op	     314 allocs/op
BenchmarkFrontEndStage/Full/24_social_network_cli-05-10         	     230	   1035097 ns/op	   24912 B/op	     384 allocs/op
BenchmarkFrontEndStage/Full/24_social_network_cli-06-10         	     338	    698823 ns/op	   16433 B/op	     267 allocs/op
BenchmarkFrontEndStage/Full/24_social_network_cli-07-10         	     566	    424937 ns/op	   11276 B/op	     177 allocs/op
BenchmarkFrontEndStage/Full/24_social_network_cli-08-10         	     565	    435842 ns/op	   11273 B/op	     177 allocs/op
BenchmarkFrontEndStage/Full/24_social_network_cli-09-10         	     556	    426284 ns/op	   11297 B/op	     177 allocs/op
BenchmarkFrontEndStage/Full/24_social_network_cli-10-10         	     558	    433738 ns/op	   11298 B/op	     177 allocs/op
BenchmarkFrontEndStage/Full/24_social_network_cli-11-10         	     295	    802850 ns/op	   17249 B/op	     277 allocs/op
BenchmarkFrontEndStage/Full/24_social_network_cli-12-10         	     165	   1417991 ns/op	   29193 B/op	     453 allocs/op
BenchmarkFrontEndStage/Full/24_social_network_cli-13-10         	     169	   1447646 ns/op	   29202 B/op	     453 allocs/op
BenchmarkFrontEndStage/Full/24_social_network_cli-14-10         	     135	   1763609 ns/op	   32513 B/op	     502 allocs/op
BenchmarkFrontEndStage/Full/24_social_network_cli-15-10         	     309	    783031 ns/op	   16308 B/op	     262 allocs/op
BenchmarkFrontEndStage/Full/24_social_network_cli-16-10         	     298	    783299 ns/op	   16832 B/op	     267 allocs/op
BenchmarkFrontEndStage/Full/24_social_network_cli-17-10         	     289	    829309 ns/op	   17248 B/op	     277 allocs/op
BenchmarkFrontEndStage/Full/24_social_network_cli-18-10         	     696	    348326 ns/op	    8768 B/op	     147 allocs/op
BenchmarkFrontEndStage/Full/24_social_network_cli-19-10         	     471	    503807 ns/op	   10437 B/op	     170 allocs/op
BenchmarkFrontEndStage/Full/24_social_network_cli-20-10         	     472	    498291 ns/op	   11904 B/op	     193 allocs/op
BenchmarkFrontEndStage/Full/24_social_network_cli-21-10         	     358	    656861 ns/op	   14042 B/op	     224 allocs/op
BenchmarkFrontEndStage/Full/24_social_network_cli-22-10         	     361	    666987 ns/op	   14040 B/op	     224 allocs/op
BenchmarkFrontEndStage/Full/24_social_network_cli-23-10         	     354	    668948 ns/op	   14064 B/op	     224 allocs/op
BenchmarkFrontEndStage/Full/24_social_network_cli-24-10         	     304	    771088 ns/op	   16305 B/op	     262 allocs/op
BenchmarkFrontEndStage/Full/24_social_network_cli-25-10         	     314	    761791 ns/op	   16316 B/op	     262 allocs/op
BenchmarkFrontEndStage/Full/24_social_network_cli-26-10         	     313	    755031 ns/op	   16216 B/op	     262 allocs/op
BenchmarkFrontEndStage/Full/24_social_network_cli-27-10         	     306	    767990 ns/op	   16309 B/op	     262 allocs/op
BenchmarkFrontEndStage/Full/24_social_network_cli-28-10         	     316	    770534 ns/op	   16257 B/op	     262 allocs/op
BenchmarkFrontEndStage/Full/24_social_network_cli-29-10         	     194	   1215906 ns/op	   26490 B/op	     401 allocs/op
BenchmarkFrontEndStage/Full/24_social_network_cli-30-10         	     265	    925747 ns/op	   18587 B/op	     299 allocs/op
PASS
ok  	github.com/FlavioCFOliveira/GoGraph/cypher/parser	27.445s
go_test_exit=0
