goos: darwin
goarch: arm64
pkg: github.com/FlavioCFOliveira/GoGraph/cypher/parser
cpu: Apple M4
BenchmarkFrontEndStage/Full/22_cypher-01-10         	   83712	     13720 ns/op	   16180 B/op	     265 allocs/op
BenchmarkFrontEndStage/Full/22_cypher-02-10         	   64736	     18383 ns/op	   20301 B/op	     324 allocs/op
BenchmarkFrontEndStage/Full/22_cypher-03-10         	   92167	     12784 ns/op	   15315 B/op	     245 allocs/op
BenchmarkFrontEndStage/Full/22_cypher-04-10         	   35863	     33373 ns/op	   36618 B/op	     566 allocs/op
BenchmarkFrontEndStage/Full/22_cypher-05-10         	  100246	     12236 ns/op	   14043 B/op	     224 allocs/op
BenchmarkFrontEndStage/Full/22_cypher-06-10         	   84018	     14181 ns/op	   16141 B/op	     261 allocs/op
BenchmarkFrontEndStage/Full/22_cypher-07-10         	   86191	     14321 ns/op	   16203 B/op	     261 allocs/op
BenchmarkFrontEndStage/Full/22_cypher-08-10         	   21783	     54668 ns/op	   66529 B/op	     976 allocs/op
BenchmarkFrontEndStage/Full/22_cypher-09-10         	   45858	     26205 ns/op	   29818 B/op	     453 allocs/op
BenchmarkFrontEndStage/Full/22_cypher-10-10         	   39771	     29871 ns/op	   33214 B/op	     500 allocs/op
BenchmarkFrontEndStage/Full/22_cypher-11-10         	   84447	     14241 ns/op	   16236 B/op	     260 allocs/op
BenchmarkFrontEndStage/Full/22_cypher-12-10         	   99794	     12256 ns/op	   13659 B/op	     223 allocs/op
BenchmarkFrontEndStage/Full/22_cypher-13-10         	   53818	     22292 ns/op	   24237 B/op	     367 allocs/op
BenchmarkFrontEndStage/Full/22_cypher-14-10         	   58189	     20176 ns/op	   23596 B/op	     362 allocs/op
BenchmarkFrontEndStage/Full/22_cypher-15-10         	   93250	     12720 ns/op	   14579 B/op	     231 allocs/op
BenchmarkFrontEndStage/Full/22_cypher-16-10         	   49808	     24285 ns/op	   27141 B/op	     418 allocs/op
BenchmarkFrontEndStage/Full/22_cypher-17-10         	   36908	     32183 ns/op	   35130 B/op	     548 allocs/op
BenchmarkFrontEndStage/Full/22_cypher-18-10         	   37356	     32005 ns/op	   35128 B/op	     548 allocs/op
BenchmarkFrontEndStage/Full/19_pattern_query-01-10  	   56047	     21213 ns/op	   23478 B/op	     358 allocs/op
BenchmarkFrontEndStage/Full/19_pattern_query-02-10  	   57679	     20795 ns/op	   22773 B/op	     350 allocs/op
BenchmarkFrontEndStage/Full/19_pattern_query-03-10  	   57411	     20808 ns/op	   23063 B/op	     354 allocs/op
BenchmarkFrontEndStage/Full/25_software_house_api-01-10         	   88623	     13560 ns/op	   14923 B/op	     234 allocs/op
BenchmarkFrontEndStage/Full/25_software_house_api-02-10         	   88018	     13599 ns/op	   14917 B/op	     234 allocs/op
BenchmarkFrontEndStage/Full/25_software_house_api-03-10         	  144763	      8228 ns/op	    9578 B/op	     161 allocs/op
BenchmarkFrontEndStage/Full/25_software_house_api-04-10         	   90471	     12990 ns/op	   15380 B/op	     238 allocs/op
BenchmarkFrontEndStage/Full/25_software_house_api-05-10         	  425102	      2776 ns/op	    4464 B/op	      77 allocs/op
BenchmarkFrontEndStage/Full/25_software_house_api-06-10         	  399806	      3053 ns/op	    4568 B/op	      77 allocs/op
BenchmarkFrontEndStage/Full/25_software_house_api-07-10         	  409513	      2926 ns/op	    4520 B/op	      77 allocs/op
BenchmarkFrontEndStage/Full/25_software_house_api-08-10         	  424530	      2804 ns/op	    4504 B/op	      77 allocs/op
BenchmarkFrontEndStage/Full/25_software_house_api-09-10         	  413745	      2882 ns/op	    4496 B/op	      76 allocs/op
BenchmarkFrontEndStage/Full/25_software_house_api-10-10         	   72348	     16332 ns/op	   18205 B/op	     292 allocs/op
BenchmarkFrontEndStage/Full/25_software_house_api-11-10         	   62860	     19071 ns/op	   21678 B/op	     329 allocs/op
BenchmarkFrontEndStage/Full/25_software_house_api-12-10         	   20989	     56530 ns/op	   62134 B/op	     896 allocs/op
BenchmarkFrontEndStage/Full/25_software_house_api-13-10         	   28273	     41960 ns/op	   47284 B/op	     690 allocs/op
BenchmarkFrontEndStage/Full/25_software_house_api-14-10         	   22344	     53668 ns/op	   58523 B/op	     858 allocs/op
BenchmarkFrontEndStage/Full/25_software_house_api-15-10         	   22879	     51979 ns/op	   59184 B/op	     870 allocs/op
BenchmarkFrontEndStage/Full/25_software_house_api-16-10         	   26422	     45038 ns/op	   49440 B/op	     713 allocs/op
BenchmarkFrontEndStage/Full/25_software_house_api-17-10         	   39432	     30379 ns/op	   31941 B/op	     479 allocs/op
BenchmarkFrontEndStage/Full/25_software_house_api-18-10         	   58051	     20390 ns/op	   22244 B/op	     333 allocs/op
BenchmarkFrontEndStage/Full/25_software_house_api-19-10         	   27010	     52803 ns/op	   50938 B/op	     754 allocs/op
BenchmarkFrontEndStage/Full/25_software_house_api-20-10         	   89865	     11456 ns/op	   11466 B/op	     183 allocs/op
BenchmarkFrontEndStage/Full/25_software_house_api-21-10         	  149949	      9700 ns/op	    9578 B/op	     161 allocs/op
BenchmarkFrontEndStage/Full/25_software_house_api-22-10         	  143929	      8194 ns/op	    9546 B/op	     161 allocs/op
BenchmarkFrontEndStage/Full/25_software_house_api-23-10         	  141531	      8548 ns/op	    9578 B/op	     161 allocs/op
BenchmarkFrontEndStage/Full/25_software_house_api-24-10         	  108800	     12395 ns/op	   12420 B/op	     202 allocs/op
BenchmarkFrontEndStage/Full/25_software_house_api-25-10         	  105234	     10999 ns/op	   12420 B/op	     202 allocs/op
BenchmarkFrontEndStage/Full/25_software_house_api-26-10         	  112388	     10912 ns/op	   12419 B/op	     202 allocs/op
BenchmarkFrontEndStage/Full/25_software_house_api-27-10         	   84001	     14553 ns/op	   15443 B/op	     257 allocs/op
BenchmarkFrontEndStage/Full/25_software_house_api-28-10         	   39720	     30760 ns/op	   31629 B/op	     491 allocs/op
BenchmarkFrontEndStage/Full/25_software_house_api-29-10         	   35506	     35240 ns/op	   36018 B/op	     560 allocs/op
BenchmarkFrontEndStage/Full/25_software_house_api-30-10         	   83103	     14824 ns/op	   15588 B/op	     261 allocs/op
BenchmarkFrontEndStage/Full/25_software_house_api-31-10         	   72999	     17377 ns/op	   16308 B/op	     262 allocs/op
BenchmarkFrontEndStage/Full/25_software_house_api-32-10         	  107756	     10541 ns/op	   11650 B/op	     187 allocs/op
BenchmarkFrontEndStage/Full/24_social_network_cli-01-10         	   62958	     19007 ns/op	   21134 B/op	     319 allocs/op
BenchmarkFrontEndStage/Full/24_social_network_cli-02-10         	   63666	     19942 ns/op	   21734 B/op	     340 allocs/op
BenchmarkFrontEndStage/Full/24_social_network_cli-03-10         	   95839	     12686 ns/op	   14090 B/op	     226 allocs/op
BenchmarkFrontEndStage/Full/24_social_network_cli-04-10         	   58857	     18205 ns/op	   20621 B/op	     314 allocs/op
BenchmarkFrontEndStage/Full/24_social_network_cli-05-10         	   54583	     23142 ns/op	   24917 B/op	     384 allocs/op
BenchmarkFrontEndStage/Full/24_social_network_cli-06-10         	   79929	     14906 ns/op	   16436 B/op	     267 allocs/op
BenchmarkFrontEndStage/Full/24_social_network_cli-07-10         	  124594	      9555 ns/op	   11274 B/op	     177 allocs/op
BenchmarkFrontEndStage/Full/24_social_network_cli-08-10         	  126595	      9515 ns/op	   11274 B/op	     177 allocs/op
BenchmarkFrontEndStage/Full/24_social_network_cli-09-10         	  125022	      9547 ns/op	   11298 B/op	     177 allocs/op
BenchmarkFrontEndStage/Full/24_social_network_cli-10-10         	  123891	      9770 ns/op	   11298 B/op	     177 allocs/op
BenchmarkFrontEndStage/Full/24_social_network_cli-11-10         	   75001	     16134 ns/op	   17253 B/op	     277 allocs/op
BenchmarkFrontEndStage/Full/24_social_network_cli-12-10         	   44056	     26887 ns/op	   29199 B/op	     453 allocs/op
BenchmarkFrontEndStage/Full/24_social_network_cli-13-10         	   44695	     26921 ns/op	   29200 B/op	     453 allocs/op
BenchmarkFrontEndStage/Full/24_social_network_cli-14-10         	   39897	     30951 ns/op	   32505 B/op	     502 allocs/op
BenchmarkFrontEndStage/Full/24_social_network_cli-15-10         	   80796	     14865 ns/op	   16308 B/op	     262 allocs/op
BenchmarkFrontEndStage/Full/24_social_network_cli-16-10         	   78145	     15220 ns/op	   16837 B/op	     267 allocs/op
BenchmarkFrontEndStage/Full/24_social_network_cli-17-10         	   76207	     15771 ns/op	   17251 B/op	     277 allocs/op
BenchmarkFrontEndStage/Full/24_social_network_cli-18-10         	  163344	      7583 ns/op	    8770 B/op	     147 allocs/op
BenchmarkFrontEndStage/Full/24_social_network_cli-19-10         	  125838	      9112 ns/op	   10434 B/op	     170 allocs/op
BenchmarkFrontEndStage/Full/24_social_network_cli-20-10         	  115530	     10243 ns/op	   11906 B/op	     193 allocs/op
BenchmarkFrontEndStage/Full/24_social_network_cli-21-10         	   96020	     12275 ns/op	   14043 B/op	     224 allocs/op
BenchmarkFrontEndStage/Full/24_social_network_cli-22-10         	   97360	     12566 ns/op	   14043 B/op	     224 allocs/op
BenchmarkFrontEndStage/Full/24_social_network_cli-23-10         	   81955	     12523 ns/op	   14069 B/op	     224 allocs/op
BenchmarkFrontEndStage/Full/24_social_network_cli-24-10         	   81302	     14594 ns/op	   16309 B/op	     262 allocs/op
BenchmarkFrontEndStage/Full/24_social_network_cli-25-10         	   81787	     14606 ns/op	   16308 B/op	     262 allocs/op
BenchmarkFrontEndStage/Full/24_social_network_cli-26-10         	   81378	     14758 ns/op	   16220 B/op	     262 allocs/op
BenchmarkFrontEndStage/Full/24_social_network_cli-27-10         	   80942	     14871 ns/op	   16308 B/op	     262 allocs/op
BenchmarkFrontEndStage/Full/24_social_network_cli-28-10         	   84128	     14444 ns/op	   16253 B/op	     262 allocs/op
BenchmarkFrontEndStage/Full/24_social_network_cli-29-10         	   51703	     23958 ns/op	   26496 B/op	     401 allocs/op
BenchmarkFrontEndStage/Full/24_social_network_cli-30-10         	   69823	     17136 ns/op	   18589 B/op	     299 allocs/op
PASS
ok  	github.com/FlavioCFOliveira/GoGraph/cypher/parser	116.130s
go_test_exit=0
