goos: darwin
goarch: arm64
pkg: github.com/FlavioCFOliveira/GoGraph/cypher
cpu: Apple M4
BenchmarkPrepareCold/22_cypher-01-10         	   77950	     14714 ns/op	   18433 B/op	     315 allocs/op
BenchmarkPrepareCold/22_cypher-02-10         	   59811	     19804 ns/op	   23136 B/op	     393 allocs/op
BenchmarkPrepareCold/22_cypher-03-10         	   79814	     14980 ns/op	   18608 B/op	     319 allocs/op
BenchmarkPrepareCold/22_cypher-04-10         	   33226	     35241 ns/op	   41285 B/op	     679 allocs/op
BenchmarkPrepareCold/22_cypher-05-10         	   91330	     12989 ns/op	   16320 B/op	     275 allocs/op
BenchmarkPrepareCold/22_cypher-06-10         	   77958	     15474 ns/op	   18600 B/op	     328 allocs/op
BenchmarkPrepareCold/22_cypher-07-10         	   77073	     15397 ns/op	   18681 B/op	     328 allocs/op
BenchmarkPrepareCold/22_cypher-08-10         	   22005	     54428 ns/op	   71114 B/op	    1098 allocs/op
BenchmarkPrepareCold/22_cypher-09-10         	   47014	     25529 ns/op	   31757 B/op	     502 allocs/op
BenchmarkPrepareCold/22_cypher-10-10         	   39133	     30120 ns/op	   34990 B/op	     557 allocs/op
BenchmarkPrepareCold/22_cypher-11-10         	   79996	     14707 ns/op	   18128 B/op	     306 allocs/op
BenchmarkPrepareCold/22_cypher-12-10         	   91256	     12874 ns/op	   15503 B/op	     268 allocs/op
BenchmarkPrepareCold/22_cypher-13-10         	   50776	     23733 ns/op	   27556 B/op	     452 allocs/op
BenchmarkPrepareCold/22_cypher-14-10         	   55358	     21735 ns/op	   26859 B/op	     441 allocs/op
BenchmarkPrepareCold/22_cypher-15-10         	   87145	     13452 ns/op	   16423 B/op	     276 allocs/op
BenchmarkPrepareCold/22_cypher-16-10         	   49396	     24273 ns/op	   29704 B/op	     475 allocs/op
BenchmarkPrepareCold/22_cypher-17-10         	   32768	     36505 ns/op	   43058 B/op	     734 allocs/op
BenchmarkPrepareCold/22_cypher-18-10         	   32820	     36220 ns/op	   43058 B/op	     734 allocs/op
BenchmarkPrepareCold/19_pattern_query-01-10  	   53032	     22785 ns/op	   26344 B/op	     437 allocs/op
BenchmarkPrepareCold/19_pattern_query-02-10  	   51158	     23434 ns/op	   26768 B/op	     445 allocs/op
BenchmarkPrepareCold/19_pattern_query-03-10  	   51668	     23122 ns/op	   25929 B/op	     433 allocs/op
BenchmarkPrepareCold/25_software_house_api-01-10         	   79849	     14615 ns/op	   17712 B/op	     297 allocs/op
BenchmarkPrepareCold/25_software_house_api-02-10         	   80757	     14714 ns/op	   17712 B/op	     297 allocs/op
BenchmarkPrepareCold/25_software_house_api-03-10         	  133299	      9031 ns/op	   11312 B/op	     201 allocs/op
BenchmarkPrepareCold/25_software_house_api-04-10         	   81993	     15832 ns/op	   16734 B/op	     269 allocs/op
BenchmarkPrepareCold/25_software_house_api-05-10         	  297402	      3522 ns/op	    5064 B/op	      86 allocs/op
BenchmarkPrepareCold/25_software_house_api-06-10         	  321985	      3389 ns/op	    5168 B/op	      86 allocs/op
BenchmarkPrepareCold/25_software_house_api-07-10         	  366159	      3304 ns/op	    5120 B/op	      86 allocs/op
BenchmarkPrepareCold/25_software_house_api-08-10         	  378706	      3336 ns/op	    5104 B/op	      86 allocs/op
BenchmarkPrepareCold/25_software_house_api-09-10         	  363168	      3307 ns/op	    5096 B/op	      85 allocs/op
BenchmarkPrepareCold/25_software_house_api-10-10         	   60084	     19500 ns/op	   21225 B/op	     373 allocs/op
BenchmarkPrepareCold/25_software_house_api-11-10         	   56253	     21228 ns/op	   24680 B/op	     400 allocs/op
BenchmarkPrepareCold/25_software_house_api-12-10         	   18019	     64820 ns/op	   74580 B/op	    1187 allocs/op
BenchmarkPrepareCold/25_software_house_api-13-10         	   25662	     45504 ns/op	   55265 B/op	     871 allocs/op
BenchmarkPrepareCold/25_software_house_api-14-10         	   21204	     56875 ns/op	   68363 B/op	    1055 allocs/op
BenchmarkPrepareCold/25_software_house_api-15-10         	   21517	     56245 ns/op	   67737 B/op	    1063 allocs/op
BenchmarkPrepareCold/25_software_house_api-16-10         	   24466	     47855 ns/op	   55738 B/op	     871 allocs/op
BenchmarkPrepareCold/25_software_house_api-17-10         	   36606	     32417 ns/op	   36848 B/op	     592 allocs/op
BenchmarkPrepareCold/25_software_house_api-18-10         	   53150	     22323 ns/op	   26128 B/op	     425 allocs/op
BenchmarkPrepareCold/25_software_house_api-19-10         	   25297	     48314 ns/op	   61009 B/op	     940 allocs/op
BenchmarkPrepareCold/25_software_house_api-20-10         	  113881	     10607 ns/op	   12788 B/op	     208 allocs/op
BenchmarkPrepareCold/25_software_house_api-21-10         	  131836	      9040 ns/op	   11312 B/op	     201 allocs/op
BenchmarkPrepareCold/25_software_house_api-22-10         	  134526	      8778 ns/op	   11280 B/op	     201 allocs/op
BenchmarkPrepareCold/25_software_house_api-23-10         	  132405	      8960 ns/op	   11312 B/op	     201 allocs/op
BenchmarkPrepareCold/25_software_house_api-24-10         	  105482	     11664 ns/op	   14744 B/op	     256 allocs/op
BenchmarkPrepareCold/25_software_house_api-25-10         	  101589	     11722 ns/op	   14744 B/op	     256 allocs/op
BenchmarkPrepareCold/25_software_house_api-26-10         	  101814	     11602 ns/op	   14744 B/op	     256 allocs/op
BenchmarkPrepareCold/25_software_house_api-27-10         	   76438	     15591 ns/op	   18960 B/op	     336 allocs/op
BenchmarkPrepareCold/25_software_house_api-28-10         	   38593	     31161 ns/op	   37393 B/op	     622 allocs/op
BenchmarkPrepareCold/25_software_house_api-29-10         	   33217	     36075 ns/op	   43457 B/op	     721 allocs/op
BenchmarkPrepareCold/25_software_house_api-30-10         	   76604	     15532 ns/op	   18968 B/op	     336 allocs/op
BenchmarkPrepareCold/25_software_house_api-31-10         	   74422	     16042 ns/op	   19360 B/op	     326 allocs/op
BenchmarkPrepareCold/25_software_house_api-32-10         	  114715	     10424 ns/op	   12940 B/op	     212 allocs/op
BenchmarkPrepareCold/24_social_network_cli-01-10         	   62320	     19296 ns/op	   23624 B/op	     376 allocs/op
BenchmarkPrepareCold/24_social_network_cli-02-10         	   60471	     20060 ns/op	   25504 B/op	     423 allocs/op
BenchmarkPrepareCold/24_social_network_cli-03-10         	   85224	     14063 ns/op	   18384 B/op	     302 allocs/op
BenchmarkPrepareCold/24_social_network_cli-04-10         	   59731	     19917 ns/op	   25160 B/op	     413 allocs/op
BenchmarkPrepareCold/24_social_network_cli-05-10         	   49118	     24316 ns/op	   30656 B/op	     505 allocs/op
BenchmarkPrepareCold/24_social_network_cli-06-10         	   73333	     16238 ns/op	   19816 B/op	     344 allocs/op
BenchmarkPrepareCold/24_social_network_cli-07-10         	  118744	     10254 ns/op	   13456 B/op	     224 allocs/op
BenchmarkPrepareCold/24_social_network_cli-08-10         	  116889	     10304 ns/op	   13456 B/op	     224 allocs/op
BenchmarkPrepareCold/24_social_network_cli-09-10         	  114316	     10353 ns/op	   13480 B/op	     224 allocs/op
BenchmarkPrepareCold/24_social_network_cli-10-10         	  112812	     10411 ns/op	   13480 B/op	     224 allocs/op
BenchmarkPrepareCold/24_social_network_cli-11-10         	   70641	     17024 ns/op	   20312 B/op	     341 allocs/op
BenchmarkPrepareCold/24_social_network_cli-12-10         	   42571	     28285 ns/op	   34601 B/op	     565 allocs/op
BenchmarkPrepareCold/24_social_network_cli-13-10         	   42504	     28079 ns/op	   34601 B/op	     565 allocs/op
BenchmarkPrepareCold/24_social_network_cli-14-10         	   37288	     32192 ns/op	   38788 B/op	     643 allocs/op
BenchmarkPrepareCold/24_social_network_cli-15-10         	   74257	     16026 ns/op	   19360 B/op	     326 allocs/op
BenchmarkPrepareCold/24_social_network_cli-16-10         	   71086	     16873 ns/op	   20104 B/op	     335 allocs/op
BenchmarkPrepareCold/24_social_network_cli-17-10         	   71122	     17115 ns/op	   20600 B/op	     352 allocs/op
BenchmarkPrepareCold/24_social_network_cli-18-10         	  152028	      7983 ns/op	   10488 B/op	     187 allocs/op
BenchmarkPrepareCold/24_social_network_cli-19-10         	  128992	      9266 ns/op	   11676 B/op	     194 allocs/op
BenchmarkPrepareCold/24_social_network_cli-20-10         	  107994	     11084 ns/op	   13784 B/op	     237 allocs/op
BenchmarkPrepareCold/24_social_network_cli-21-10         	   93070	     13067 ns/op	   16272 B/op	     274 allocs/op
BenchmarkPrepareCold/24_social_network_cli-22-10         	   92787	     13157 ns/op	   16272 B/op	     274 allocs/op
BenchmarkPrepareCold/24_social_network_cli-23-10         	   90392	     13334 ns/op	   16296 B/op	     274 allocs/op
BenchmarkPrepareCold/24_social_network_cli-24-10         	   75008	     15961 ns/op	   19360 B/op	     326 allocs/op
BenchmarkPrepareCold/24_social_network_cli-25-10         	   74744	     15822 ns/op	   19360 B/op	     326 allocs/op
BenchmarkPrepareCold/24_social_network_cli-26-10         	   75970	     15806 ns/op	   19272 B/op	     326 allocs/op
BenchmarkPrepareCold/24_social_network_cli-27-10         	   74143	     16050 ns/op	   19360 B/op	     326 allocs/op
BenchmarkPrepareCold/24_social_network_cli-28-10         	   75595	     15742 ns/op	   19304 B/op	     326 allocs/op
BenchmarkPrepareCold/24_social_network_cli-29-10         	   43671	     27218 ns/op	   32307 B/op	     549 allocs/op
BenchmarkPrepareCold/24_social_network_cli-30-10         	   67502	     17846 ns/op	   20969 B/op	     359 allocs/op
PASS
ok  	github.com/FlavioCFOliveira/GoGraph/cypher	117.028s
go_test_exit=0
