goos: darwin
goarch: arm64
pkg: github.com/FlavioCFOliveira/GoGraph/cypher
cpu: Apple M4
BenchmarkPrepareCold/22_cypher-01-10         	     321	    751617 ns/op	   18472 B/op	     315 allocs/op
BenchmarkPrepareCold/22_cypher-02-10         	     222	   1086413 ns/op	   23151 B/op	     393 allocs/op
BenchmarkPrepareCold/22_cypher-03-10         	     326	    732056 ns/op	   18618 B/op	     319 allocs/op
BenchmarkPrepareCold/22_cypher-04-10         	     130	   1821834 ns/op	   41312 B/op	     679 allocs/op
BenchmarkPrepareCold/22_cypher-05-10         	     330	    741367 ns/op	   16327 B/op	     275 allocs/op
BenchmarkPrepareCold/22_cypher-06-10         	     284	    842850 ns/op	   18609 B/op	     328 allocs/op
BenchmarkPrepareCold/22_cypher-07-10         	     285	    853850 ns/op	   18692 B/op	     328 allocs/op
BenchmarkPrepareCold/22_cypher-08-10         	      62	   3924409 ns/op	   71143 B/op	    1098 allocs/op
BenchmarkPrepareCold/22_cypher-09-10         	     145	   1639691 ns/op	   31766 B/op	     502 allocs/op
BenchmarkPrepareCold/22_cypher-10-10         	     142	   1674044 ns/op	   35013 B/op	     557 allocs/op
BenchmarkPrepareCold/22_cypher-11-10         	     291	    821129 ns/op	   18130 B/op	     306 allocs/op
BenchmarkPrepareCold/22_cypher-12-10         	     346	    690781 ns/op	   15504 B/op	     268 allocs/op
BenchmarkPrepareCold/22_cypher-13-10         	     183	   1297436 ns/op	   27560 B/op	     452 allocs/op
BenchmarkPrepareCold/22_cypher-14-10         	     190	   1264365 ns/op	   26863 B/op	     441 allocs/op
BenchmarkPrepareCold/22_cypher-15-10         	     330	    726090 ns/op	   16426 B/op	     276 allocs/op
BenchmarkPrepareCold/22_cypher-16-10         	     186	   1251987 ns/op	   29710 B/op	     475 allocs/op
BenchmarkPrepareCold/22_cypher-17-10         	     121	   1948334 ns/op	   43066 B/op	     734 allocs/op
BenchmarkPrepareCold/22_cypher-18-10         	     122	   1943612 ns/op	   43056 B/op	     734 allocs/op
BenchmarkPrepareCold/19_pattern_query-01-10  	     206	   1154325 ns/op	   26347 B/op	     437 allocs/op
BenchmarkPrepareCold/19_pattern_query-02-10  	     205	   1160326 ns/op	   26771 B/op	     445 allocs/op
BenchmarkPrepareCold/19_pattern_query-03-10  	     208	   1138796 ns/op	   25929 B/op	     433 allocs/op
BenchmarkPrepareCold/25_software_house_api-01-10         	     304	    783473 ns/op	   17713 B/op	     297 allocs/op
BenchmarkPrepareCold/25_software_house_api-02-10         	     302	    794357 ns/op	   17713 B/op	     297 allocs/op
BenchmarkPrepareCold/25_software_house_api-03-10         	     542	    445392 ns/op	   11312 B/op	     201 allocs/op
BenchmarkPrepareCold/25_software_house_api-04-10         	     297	    799887 ns/op	   16739 B/op	     269 allocs/op
BenchmarkPrepareCold/25_software_house_api-05-10         	    1902	    130313 ns/op	    5066 B/op	      86 allocs/op
BenchmarkPrepareCold/25_software_house_api-06-10         	    1876	    133367 ns/op	    5168 B/op	      86 allocs/op
BenchmarkPrepareCold/25_software_house_api-07-10         	    1843	    134302 ns/op	    5120 B/op	      86 allocs/op
BenchmarkPrepareCold/25_software_house_api-08-10         	    1904	    132821 ns/op	    5104 B/op	      86 allocs/op
BenchmarkPrepareCold/25_software_house_api-09-10         	    1921	    129016 ns/op	    5096 B/op	      85 allocs/op
BenchmarkPrepareCold/25_software_house_api-10-10         	     254	    945190 ns/op	   21223 B/op	     373 allocs/op
BenchmarkPrepareCold/25_software_house_api-11-10         	     232	   1022176 ns/op	   24691 B/op	     400 allocs/op
BenchmarkPrepareCold/25_software_house_api-12-10         	      72	   3407781 ns/op	   74595 B/op	    1187 allocs/op
BenchmarkPrepareCold/25_software_house_api-13-10         	      98	   2580776 ns/op	   55264 B/op	     871 allocs/op
BenchmarkPrepareCold/25_software_house_api-14-10         	      78	   3204344 ns/op	   68368 B/op	    1055 allocs/op
BenchmarkPrepareCold/25_software_house_api-15-10         	      78	   3026685 ns/op	   67748 B/op	    1063 allocs/op
BenchmarkPrepareCold/25_software_house_api-16-10         	      81	   2889409 ns/op	   55743 B/op	     871 allocs/op
BenchmarkPrepareCold/25_software_house_api-17-10         	     142	   1680938 ns/op	   36852 B/op	     592 allocs/op
BenchmarkPrepareCold/25_software_house_api-18-10         	     229	   1065952 ns/op	   26128 B/op	     425 allocs/op
BenchmarkPrepareCold/25_software_house_api-19-10         	      98	   2571290 ns/op	   61008 B/op	     940 allocs/op
BenchmarkPrepareCold/25_software_house_api-20-10         	     416	    578490 ns/op	   12791 B/op	     208 allocs/op
BenchmarkPrepareCold/25_software_house_api-21-10         	     537	    450812 ns/op	   11312 B/op	     201 allocs/op
BenchmarkPrepareCold/25_software_house_api-22-10         	     517	    453916 ns/op	   11280 B/op	     201 allocs/op
BenchmarkPrepareCold/25_software_house_api-23-10         	     540	    449784 ns/op	   11312 B/op	     201 allocs/op
BenchmarkPrepareCold/25_software_house_api-24-10         	     405	    591524 ns/op	   14744 B/op	     256 allocs/op
BenchmarkPrepareCold/25_software_house_api-25-10         	     414	    591376 ns/op	   14744 B/op	     256 allocs/op
BenchmarkPrepareCold/25_software_house_api-26-10         	     402	    585274 ns/op	   14744 B/op	     256 allocs/op
BenchmarkPrepareCold/25_software_house_api-27-10         	     312	    771047 ns/op	   18960 B/op	     336 allocs/op
BenchmarkPrepareCold/25_software_house_api-28-10         	     145	   1643498 ns/op	   37404 B/op	     622 allocs/op
BenchmarkPrepareCold/25_software_house_api-29-10         	     124	   1912484 ns/op	   43468 B/op	     721 allocs/op
BenchmarkPrepareCold/25_software_house_api-30-10         	     297	    803674 ns/op	   18968 B/op	     336 allocs/op
BenchmarkPrepareCold/25_software_house_api-31-10         	     274	    876803 ns/op	   19364 B/op	     326 allocs/op
BenchmarkPrepareCold/25_software_house_api-32-10         	     404	    593595 ns/op	   12941 B/op	     212 allocs/op
BenchmarkPrepareCold/24_social_network_cli-01-10         	     241	    991448 ns/op	   23624 B/op	     376 allocs/op
BenchmarkPrepareCold/24_social_network_cli-02-10         	     230	   1035093 ns/op	   25509 B/op	     423 allocs/op
BenchmarkPrepareCold/24_social_network_cli-03-10         	     352	    683974 ns/op	   18388 B/op	     302 allocs/op
BenchmarkPrepareCold/24_social_network_cli-04-10         	     238	    996103 ns/op	   25160 B/op	     413 allocs/op
BenchmarkPrepareCold/24_social_network_cli-05-10         	     190	   1238325 ns/op	   30656 B/op	     505 allocs/op
BenchmarkPrepareCold/24_social_network_cli-06-10         	     292	    819870 ns/op	   19818 B/op	     344 allocs/op
BenchmarkPrepareCold/24_social_network_cli-07-10         	     492	    493551 ns/op	   13456 B/op	     224 allocs/op
BenchmarkPrepareCold/24_social_network_cli-08-10         	     484	    498712 ns/op	   13458 B/op	     224 allocs/op
BenchmarkPrepareCold/24_social_network_cli-09-10         	     484	    494208 ns/op	   13482 B/op	     224 allocs/op
BenchmarkPrepareCold/24_social_network_cli-10-10         	     478	    496058 ns/op	   13480 B/op	     224 allocs/op
BenchmarkPrepareCold/24_social_network_cli-11-10         	     265	    905980 ns/op	   20312 B/op	     341 allocs/op
BenchmarkPrepareCold/24_social_network_cli-12-10         	     151	   1590993 ns/op	   34605 B/op	     565 allocs/op
BenchmarkPrepareCold/24_social_network_cli-13-10         	     150	   1614544 ns/op	   34601 B/op	     565 allocs/op
BenchmarkPrepareCold/24_social_network_cli-14-10         	     100	   2008533 ns/op	   38791 B/op	     643 allocs/op
BenchmarkPrepareCold/24_social_network_cli-15-10         	     273	    877628 ns/op	   19364 B/op	     326 allocs/op
BenchmarkPrepareCold/24_social_network_cli-16-10         	     265	    908138 ns/op	   20104 B/op	     335 allocs/op
BenchmarkPrepareCold/24_social_network_cli-17-10         	     254	    934909 ns/op	   20600 B/op	     352 allocs/op
BenchmarkPrepareCold/24_social_network_cli-18-10         	     578	    413264 ns/op	   10488 B/op	     187 allocs/op
BenchmarkPrepareCold/24_social_network_cli-19-10         	     445	    551308 ns/op	   11676 B/op	     194 allocs/op
BenchmarkPrepareCold/24_social_network_cli-20-10         	     421	    576295 ns/op	   13784 B/op	     237 allocs/op
BenchmarkPrepareCold/24_social_network_cli-21-10         	     324	    734557 ns/op	   16276 B/op	     274 allocs/op
BenchmarkPrepareCold/24_social_network_cli-22-10         	     331	    726835 ns/op	   16273 B/op	     274 allocs/op
BenchmarkPrepareCold/24_social_network_cli-23-10         	     326	    742649 ns/op	   16296 B/op	     274 allocs/op
BenchmarkPrepareCold/24_social_network_cli-24-10         	     271	    873617 ns/op	   19364 B/op	     326 allocs/op
BenchmarkPrepareCold/24_social_network_cli-25-10         	     279	    869946 ns/op	   19360 B/op	     326 allocs/op
BenchmarkPrepareCold/24_social_network_cli-26-10         	     274	    877250 ns/op	   19272 B/op	     326 allocs/op
BenchmarkPrepareCold/24_social_network_cli-27-10         	     274	    863273 ns/op	   19360 B/op	     326 allocs/op
BenchmarkPrepareCold/24_social_network_cli-28-10         	     273	    875367 ns/op	   19308 B/op	     326 allocs/op
BenchmarkPrepareCold/24_social_network_cli-29-10         	     164	   1432679 ns/op	   32321 B/op	     549 allocs/op
BenchmarkPrepareCold/24_social_network_cli-30-10         	     238	    989208 ns/op	   20969 B/op	     359 allocs/op
PASS
ok  	github.com/FlavioCFOliveira/GoGraph/cypher	28.803s
go_test_exit=0
