GO=go version go1.27.1 darwin/arm64
START 2026-09-15T19:00:22Z load1=2.01
build arm=A pkg=cypher EXIT=0
build arm=A pkg=cypher/exec EXIT=0
build arm=A pkg=bolt/server EXIT=0
build arm=A pkg=search EXIT=0
build arm=A pkg=search/centrality EXIT=0
build arm=A pkg=graph/index/count EXIT=0
build arm=A pkg=benchharness EXIT=0
ARM A DONE 2026-09-15T19:00:40Z free=127G
build arm=B pkg=cypher EXIT=0
build arm=B pkg=cypher/exec EXIT=0
build arm=B pkg=bolt/server EXIT=0
build arm=B pkg=search EXIT=0
build arm=B pkg=search/centrality EXIT=0
build arm=B pkg=graph/index/count EXIT=0
build arm=B pkg=benchharness EXIT=0
ARM B DONE 2026-09-15T19:00:51Z free=127G
build arm=B2 pkg=cypher EXIT=0
build arm=B2 pkg=cypher/exec EXIT=0
build arm=B2 pkg=bolt/server EXIT=0
build arm=B2 pkg=search EXIT=0
build arm=B2 pkg=search/centrality EXIT=0
build arm=B2 pkg=graph/index/count EXIT=0
build arm=B2 pkg=benchharness EXIT=0
ARM B2 DONE 2026-09-15T19:00:54Z free=126G
END 2026-09-15T19:00:54Z
BUILD_ALLDONE
