round=1 block=harness arm=A BEFORE 20:11  up 7 days,  9:24, 6 users, load averages: 2,36 3,60 3,56 hot=[/System/Library/CoreServices/talagentd:34,3 /Applications/Firefox.app/Contents/MacOS/firefox:32,4 /System/Library/PrivateFrameworks/SkyLight.framework/Resources/WindowServer:30,5 system_profiler:18,4 /Applications/Firefox.app/Contents/MacOS/gpu-helper.app/Contents/MacOS/Firefox:14,4 osascript:13,0 /Applications/WhatsApp.app/Contents/MacOS/WhatsApp:12,8 /Applications/iTerm.app/Contents/MacOS/iTerm2]
round=1 block=harness arm=A AFTER  20:11  up 7 days,  9:25, 6 users, load averages: 2,42 3,56 3,55 hot=[/System/Library/PrivateFrameworks/SkyLight.framework/Resources/WindowServer:17,8 osascript:13,3 osascript:11,5 /Applications/Firefox.app/Contents/MacOS/gpu-helper.app/Contents/MacOS/Firefox:10,7 /Applications/iTerm.app/Contents/MacOS/iTerm2:9,5 /Applications/Firefox.app/Contents/MacOS/plugin-container.app/Contents/MacOS/plugin-container:9,1 /Applications/Firefox.app/Contents/MacOS/firefox:5,4 ]
round=1 block=harness arm=B BEFORE 20:11  up 7 days,  9:25, 6 users, load averages: 2,42 3,56 3,55 hot=[/System/Library/PrivateFrameworks/SkyLight.framework/Resources/WindowServer:17,8 osascript:13,3 osascript:11,5 /Applications/Firefox.app/Contents/MacOS/gpu-helper.app/Contents/MacOS/Firefox:10,7 /Applications/iTerm.app/Contents/MacOS/iTerm2:9,5 /Applications/Firefox.app/Contents/MacOS/plugin-container.app/Contents/MacOS/plugin-container:9,1 /Applications/Firefox.app/Contents/MacOS/firefox:5,4 ]
round=1 block=harness arm=B AFTER  20:11  up 7 days,  9:25, 6 users, load averages: 2,34 3,48 3,52 hot=[/System/Library/PrivateFrameworks/SkyLight.framework/Resources/WindowServer:18,9 /usr/sbin/system_profiler:17,5 osascript:13,6 osascript:12,9 /Applications/Firefox.app/Contents/MacOS/firefox:8,8 /Applications/Firefox.app/Contents/MacOS/gpu-helper.app/Contents/MacOS/Firefox:8,7 /Applications/iTerm.app/Contents/MacOS/iTerm2:8,5 ]
round=1 block=harness arm=B2 BEFORE 20:11  up 7 days,  9:25, 6 users, load averages: 2,34 3,48 3,52 hot=[/System/Library/PrivateFrameworks/SkyLight.framework/Resources/WindowServer:18,9 /usr/sbin/system_profiler:17,5 osascript:13,6 osascript:12,9 /Applications/Firefox.app/Contents/MacOS/firefox:8,8 /Applications/Firefox.app/Contents/MacOS/gpu-helper.app/Contents/MacOS/Firefox:8,7 /Applications/iTerm.app/Contents/MacOS/iTerm2:8,5 ]
round=1 block=harness arm=B2 AFTER  20:11  up 7 days,  9:25, 6 users, load averages: 2,04 3,36 3,48 hot=[/Applications/Firefox.app/Contents/MacOS/plugin-container.app/Contents/MacOS/plugin-container:92,3 /usr/sbin/system_profiler:19,9 /System/Library/PrivateFrameworks/SkyLight.framework/Resources/WindowServer:18,3 osascript:13,3 osascript:13,3 /Applications/iTerm.app/Contents/MacOS/iTerm2:12,0 /Applications/Firefox.app/Contents/MacOS/gpu-helper.app/Contents/MacOS/Firefox:8,9 /Applications/Firefox.app]
round=1 block=exec arm=A BEFORE 20:11  up 7 days,  9:25, 6 users, load averages: 2,04 3,36 3,48 hot=[/Applications/Firefox.app/Contents/MacOS/plugin-container.app/Contents/MacOS/plugin-container:92,3 /usr/sbin/system_profiler:19,9 /System/Library/PrivateFrameworks/SkyLight.framework/Resources/WindowServer:18,3 osascript:13,3 osascript:13,3 /Applications/iTerm.app/Contents/MacOS/iTerm2:12,0 /Applications/Firefox.app/Contents/MacOS/gpu-helper.app/Contents/MacOS/Firefox:8,9 /Applications/Firefox.app]
round=1 block=exec arm=A AFTER  20:13  up 7 days,  9:27, 6 users, load averages: 2,89 3,30 3,44 hot=[osascript:13,4 osascript:11,7 /usr/sbin/system_profiler:10,4 /System/Library/PrivateFrameworks/SkyLight.framework/Resources/WindowServer:9,8 /Applications/iTerm.app/Contents/MacOS/iTerm2:9,0 ]
round=1 block=exec arm=B BEFORE 20:13  up 7 days,  9:27, 6 users, load averages: 2,89 3,30 3,44 hot=[osascript:13,4 osascript:11,7 /usr/sbin/system_profiler:10,4 /System/Library/PrivateFrameworks/SkyLight.framework/Resources/WindowServer:9,8 /Applications/iTerm.app/Contents/MacOS/iTerm2:9,0 ]
round=1 block=exec arm=B AFTER  20:15  up 7 days,  9:28, 6 users, load averages: 2,83 3,15 3,36 hot=[osascript:13,1 /usr/libexec/sysmond:8,0 /Applications/iTerm.app/Contents/MacOS/iTerm2:6,4 ]
round=1 block=exec arm=B2 BEFORE 20:15  up 7 days,  9:28, 6 users, load averages: 2,83 3,15 3,36 hot=[osascript:13,1 /usr/libexec/sysmond:8,0 /Applications/iTerm.app/Contents/MacOS/iTerm2:6,4 ]
round=1 block=exec arm=B2 AFTER  20:16  up 7 days,  9:30, 6 users, load averages: 3,09 3,18 3,35 hot=[osascript:12,9 /System/Library/PrivateFrameworks/SkyLight.framework/Resources/WindowServer:8,1 /Applications/iTerm.app/Contents/MacOS/iTerm2:7,0 ]
round=1 block=cy arm=A BEFORE 20:16  up 7 days,  9:30, 6 users, load averages: 3,09 3,18 3,35 hot=[osascript:12,9 /System/Library/PrivateFrameworks/SkyLight.framework/Resources/WindowServer:7,3 /Applications/iTerm.app/Contents/MacOS/iTerm2:7,0 ]
round=1 block=cy arm=A AFTER  20:20  up 7 days,  9:34, 6 users, load averages: 4,10 3,71 3,54 hot=[/Applications/iTerm.app/Contents/MacOS/iTerm2:12,2 osascript:12,0 /System/Library/PrivateFrameworks/SkyLight.framework/Resources/WindowServer:8,8 /Applications/Slack.app/Contents/Frameworks/Slack:7,9 /usr/sbin/coreaudiod:7,6 ]
round=1 block=cy arm=B BEFORE 20:20  up 7 days,  9:34, 6 users, load averages: 4,10 3,71 3,54 hot=[osascript:12,1 /Applications/iTerm.app/Contents/MacOS/iTerm2:12,1 /System/Library/PrivateFrameworks/SkyLight.framework/Resources/WindowServer:8,6 /Applications/Slack.app/Contents/Frameworks/Slack:8,2 /Applications/Slack.app/Contents/Frameworks/Slack:8,0 /usr/sbin/coreaudiod:7,4 ]
round=1 block=cy arm=B AFTER  20:23  up 7 days,  9:37, 6 users, load averages: 3,79 3,65 3,53 hot=[/Applications/iTerm.app/Contents/MacOS/iTerm2:30,1 /System/Library/PrivateFrameworks/SkyLight.framework/Resources/WindowServer:12,8 osascript:11,4 /usr/sbin/coreaudiod:6,5 ]
round=1 block=cy arm=B2 BEFORE 20:23  up 7 days,  9:37, 6 users, load averages: 3,79 3,65 3,53 hot=[/Applications/iTerm.app/Contents/MacOS/iTerm2:30,1 /System/Library/PrivateFrameworks/SkyLight.framework/Resources/WindowServer:12,8 osascript:11,4 /usr/sbin/coreaudiod:6,5 ]
round=1 block=cy arm=B2 AFTER  20:26  up 7 days,  9:40, 6 users, load averages: 4,42 3,82 3,60 hot=[/Applications/iTerm.app/Contents/MacOS/iTerm2:12,3 osascript:10,6 /System/Library/PrivateFrameworks/SkyLight.framework/Resources/WindowServer:9,2 /usr/sbin/coreaudiod:7,2 ]
round=1 block=bolt arm=A BEFORE 20:26  up 7 days,  9:40, 6 users, load averages: 4,42 3,82 3,60 hot=[/Applications/iTerm.app/Contents/MacOS/iTerm2:12,3 osascript:10,6 /System/Library/PrivateFrameworks/SkyLight.framework/Resources/WindowServer:9,2 /usr/sbin/coreaudiod:7,2 ]
round=1 block=bolt arm=A AFTER  20:27  up 7 days,  9:41, 6 users, load averages: 4,33 3,83 3,61 hot=[osascript:20,8 /System/Library/PrivateFrameworks/SkyLight.framework/Resources/WindowServer:14,9 osascript:12,7 /Applications/iTerm.app/Contents/MacOS/iTerm2:9,7 ]
round=1 block=bolt arm=B BEFORE 20:27  up 7 days,  9:41, 6 users, load averages: 4,33 3,83 3,61 hot=[osascript:20,8 /System/Library/PrivateFrameworks/SkyLight.framework/Resources/WindowServer:14,9 osascript:12,7 /Applications/iTerm.app/Contents/MacOS/iTerm2:9,7 ]
round=1 block=bolt arm=B AFTER  20:28  up 7 days,  9:41, 6 users, load averages: 5,81 4,20 3,75 hot=[osascript:20,5 /System/Library/PrivateFrameworks/SkyLight.framework/Resources/WindowServer:14,4 /Applications/iTerm.app/Contents/MacOS/iTerm2:6,8 ]
round=1 block=bolt arm=B2 BEFORE 20:28  up 7 days,  9:41, 6 users, load averages: 5,81 4,20 3,75 hot=[osascript:20,5 /System/Library/PrivateFrameworks/SkyLight.framework/Resources/WindowServer:14,4 /Applications/iTerm.app/Contents/MacOS/iTerm2:6,8 ]
round=1 block=bolt arm=B2 AFTER  20:28  up 7 days,  9:42, 6 users, load averages: 5,85 4,34 3,82 hot=[osascript:21,9 /Applications/iTerm.app/Contents/MacOS/iTerm2:10,1 /System/Library/PrivateFrameworks/SkyLight.framework/Resources/WindowServer:9,8 ]
round=1 block=search arm=A BEFORE 20:28  up 7 days,  9:42, 6 users, load averages: 5,85 4,34 3,82 hot=[osascript:21,9 /Applications/iTerm.app/Contents/MacOS/iTerm2:10,1 /System/Library/PrivateFrameworks/SkyLight.framework/Resources/WindowServer:9,8 ]
round=1 block=search arm=A AFTER  20:29  up 7 days,  9:43, 6 users, load averages: 7,02 5,08 4,14 hot=[osascript:12,4 /Applications/iTerm.app/Contents/MacOS/iTerm2:11,9 ]
round=1 block=search arm=B BEFORE 20:29  up 7 days,  9:43, 6 users, load averages: 7,02 5,08 4,14 hot=[osascript:12,3 /Applications/iTerm.app/Contents/MacOS/iTerm2:11,9 ]
round=1 block=search arm=B AFTER  20:30  up 7 days,  9:44, 6 users, load averages: 7,87 5,69 4,44 hot=[osascript:12,4 /Applications/iTerm.app/Contents/MacOS/iTerm2:10,5 ]
round=1 block=search arm=B2 BEFORE 20:30  up 7 days,  9:44, 6 users, load averages: 7,87 5,69 4,44 hot=[/Applications/iTerm.app/Contents/MacOS/iTerm2:20,6 osascript:12,3 /System/Library/PrivateFrameworks/SkyLight.framework/Resources/WindowServer:7,1 ]
round=1 block=search arm=B2 AFTER  20:32  up 7 days,  9:45, 6 users, load averages: 6,37 5,70 4,54 hot=[osascript:12,4 /Applications/iTerm.app/Contents/MacOS/iTerm2:9,1 ]
round=1 block=centrality arm=A BEFORE 20:32  up 7 days,  9:45, 6 users, load averages: 6,37 5,70 4,54 hot=[osascript:12,4 /Applications/iTerm.app/Contents/MacOS/iTerm2:9,1 ]
round=1 block=centrality arm=A AFTER  20:32  up 7 days,  9:46, 6 users, load averages: 6,37 5,70 4,54 hot=[/Users/flaviocfo/Library/Application:83,2 osascript:12,4 /Applications/iTerm.app/Contents/MacOS/iTerm2:11,9 /System/Library/PrivateFrameworks/SkyLight.framework/Resources/WindowServer:5,6 ]
round=1 block=centrality arm=B BEFORE 20:32  up 7 days,  9:46, 6 users, load averages: 6,37 5,70 4,54 hot=[(mdworker_shared):83,2 osascript:12,4 /Applications/iTerm.app/Contents/MacOS/iTerm2:11,9 /System/Library/PrivateFrameworks/SkyLight.framework/Resources/WindowServer:5,6 ]
round=1 block=centrality arm=B AFTER  20:32  up 7 days,  9:46, 6 users, load averages: 6,02 5,64 4,52 hot=[osascript:12,3 /Applications/iTerm.app/Contents/MacOS/iTerm2:9,9 ]
round=1 block=centrality arm=B2 BEFORE 20:32  up 7 days,  9:46, 6 users, load averages: 6,02 5,64 4,52 hot=[osascript:12,3 /Applications/iTerm.app/Contents/MacOS/iTerm2:9,9 ]
round=1 block=centrality arm=B2 AFTER  20:32  up 7 days,  9:46, 6 users, load averages: 6,02 5,64 4,52 hot=[osascript:17,9 osascript:12,9 /Applications/iTerm.app/Contents/MacOS/iTerm2:11,2 /System/Library/PrivateFrameworks/SkyLight.framework/Resources/WindowServer:10,0 ]
round=1 block=cnt arm=A BEFORE 20:32  up 7 days,  9:46, 6 users, load averages: 6,02 5,64 4,52 hot=[osascript:17,9 osascript:12,9 /Applications/iTerm.app/Contents/MacOS/iTerm2:11,2 /System/Library/PrivateFrameworks/SkyLight.framework/Resources/WindowServer:10,0 ]
round=1 block=cnt arm=A AFTER  20:32  up 7 days,  9:46, 6 users, load averages: 5,20 5,48 4,48 hot=[osascript:11,4 /Applications/iTerm.app/Contents/MacOS/iTerm2:10,9 ]
round=1 block=cnt arm=B BEFORE 20:32  up 7 days,  9:46, 6 users, load averages: 5,20 5,48 4,48 hot=[osascript:11,4 /Applications/iTerm.app/Contents/MacOS/iTerm2:10,9 ]
round=1 block=cnt arm=B AFTER  20:32  up 7 days,  9:46, 6 users, load averages: 6,34 5,71 4,59 hot=[/Applications/iTerm.app/Contents/MacOS/iTerm2:11,1 osascript:10,0 ]
round=1 block=cnt arm=B2 BEFORE 20:32  up 7 days,  9:46, 6 users, load averages: 6,34 5,71 4,59 hot=[/Applications/iTerm.app/Contents/MacOS/iTerm2:11,1 osascript:10,0 ]
round=1 block=cnt arm=B2 AFTER  20:32  up 7 days,  9:46, 6 users, load averages: 5,48 5,55 4,55 hot=[(system_profiler):24,9 osascript:20,8 /Applications/iTerm.app/Contents/MacOS/iTerm2:12,0 osascript:11,7 /System/Library/PrivateFrameworks/SkyLight.framework/Resources/WindowServer:8,4 ]
round=2 block=harness arm=B BEFORE 20:34  up 7 days,  9:48, 6 users, load averages: 2,21 4,40 4,21 hot=[osascript:18,5 /Applications/iTerm.app/Contents/MacOS/iTerm2:14,0 osascript:11,4 /System/Library/PrivateFrameworks/SkyLight.framework/Resources/WindowServer:9,7 system_profiler:6,6 /usr/sbin/system_profiler:5,4 ]
round=2 block=harness arm=B AFTER  20:34  up 7 days,  9:48, 6 users, load averages: 2,25 4,30 4,17 hot=[osascript:13,3 osascript:11,9 /System/Library/PrivateFrameworks/SkyLight.framework/Resources/WindowServer:8,8 /Applications/iTerm.app/Contents/MacOS/iTerm2:6,1 /usr/sbin/system_profiler:5,2 ]
round=2 block=harness arm=B2 BEFORE 20:34  up 7 days,  9:48, 6 users, load averages: 2,25 4,30 4,17 hot=[osascript:13,3 osascript:11,9 /System/Library/PrivateFrameworks/SkyLight.framework/Resources/WindowServer:8,8 /Applications/iTerm.app/Contents/MacOS/iTerm2:6,1 /usr/sbin/system_profiler:5,2 ]
round=2 block=harness arm=B2 AFTER  20:35  up 7 days,  9:48, 6 users, load averages: 2,18 4,19 4,14 hot=[/Applications/Firefox.app/Contents/MacOS/plugin-container.app/Contents/MacOS/plugin-container:68,5 osascript:23,0 osascript:12,9 /usr/sbin/system_profiler:12,7 /Applications/iTerm.app/Contents/MacOS/iTerm2:10,2 /System/Library/PrivateFrameworks/SkyLight.framework/Resources/WindowServer:6,7 ]
round=2 block=harness arm=A BEFORE 20:35  up 7 days,  9:48, 6 users, load averages: 2,18 4,19 4,14 hot=[/Applications/Firefox.app/Contents/MacOS/plugin-container.app/Contents/MacOS/plugin-container:68,5 osascript:19,0 osascript:12,9 /usr/sbin/system_profiler:11,0 /Applications/iTerm.app/Contents/MacOS/iTerm2:10,2 /System/Library/PrivateFrameworks/SkyLight.framework/Resources/WindowServer:6,7 ]
round=2 block=harness arm=A AFTER  20:35  up 7 days,  9:49, 6 users, load averages: 2,22 4,09 4,10 hot=[osascript:12,7 /Applications/iTerm.app/Contents/MacOS/iTerm2:6,4 ]
round=2 block=exec arm=B BEFORE 20:35  up 7 days,  9:49, 6 users, load averages: 2,22 4,09 4,10 hot=[osascript:12,7 /Applications/iTerm.app/Contents/MacOS/iTerm2:6,4 ]
round=2 block=exec arm=B AFTER  20:36  up 7 days,  9:50, 6 users, load averages: 2,75 3,73 3,96 hot=[/System/Library/Frameworks/Virtualization.framework/Versions/A/XPCServices/com.apple.Virtualization.VirtualMachine.xpc/Contents/MacOS/com.apple.Virtualization.VirtualMachine:12,5 osascript:12,4 /System/Library/PrivateFrameworks/SkyLight.framework/Resources/WindowServer:7,9 /Applications/iTerm.app/Contents/MacOS/iTerm2:6,3 ]
round=2 block=exec arm=B2 BEFORE 20:36  up 7 days,  9:50, 6 users, load averages: 2,75 3,73 3,96 hot=[/Users/flaviocfo/Library/Application:25,3 osascript:12,4 /System/Library/PrivateFrameworks/SkyLight.framework/Resources/WindowServer:7,9 /System/Library/Frameworks/Virtualization.framework/Versions/A/XPCServices/com.apple.Virtualization.VirtualMachine.xpc/Contents/MacOS/com.apple.Virtualization.VirtualMachine:7,7 /Applications/iTerm.app/Contents/MacOS/iTerm2:6,7 ]
round=2 block=exec arm=B2 AFTER  20:38  up 7 days,  9:52, 6 users, load averages: 3,72 3,75 3,94 hot=[osascript:11,7 /Applications/iTerm.app/Contents/MacOS/iTerm2:5,1 ]
round=2 block=exec arm=A BEFORE 20:38  up 7 days,  9:52, 6 users, load averages: 3,72 3,75 3,94 hot=[osascript:11,7 /Applications/iTerm.app/Contents/MacOS/iTerm2:7,2 ]
round=2 block=exec arm=A AFTER  20:40  up 7 days,  9:53, 6 users, load averages: 2,85 3,48 3,81 hot=[osascript:12,1 /Applications/iTerm.app/Contents/MacOS/iTerm2:5,4 ]
round=2 block=cy arm=B BEFORE 20:40  up 7 days,  9:53, 6 users, load averages: 2,85 3,48 3,81 hot=[osascript:12,0 /Applications/iTerm.app/Contents/MacOS/iTerm2:5,4 ]
round=2 block=cy arm=B AFTER  20:43  up 7 days,  9:57, 6 users, load averages: 4,04 3,65 3,79 hot=[/sbin/launchd:21,9 osascript:11,1 /Applications/iTerm.app/Contents/MacOS/iTerm2:10,0 ]
round=2 block=cy arm=B2 BEFORE 20:43  up 7 days,  9:57, 6 users, load averages: 4,04 3,65 3,79 hot=[/sbin/launchd:21,9 osascript:11,1 /Applications/iTerm.app/Contents/MacOS/iTerm2:10,0 ]
round=2 block=cy arm=B2 AFTER  20:46  up 7 days, 10 hrs, 6 users, load averages: 3,84 3,74 3,80 hot=[system_profiler:21,0 osascript:15,9 osascript:11,8 /Applications/iTerm.app/Contents/MacOS/iTerm2:11,6 /System/Library/PrivateFrameworks/SkyLight.framework/Resources/WindowServer:9,0 ]
round=2 block=cy arm=A BEFORE 20:46  up 7 days, 10 hrs, 6 users, load averages: 3,84 3,74 3,80 hot=[system_profiler:21,0 osascript:15,9 osascript:11,8 /Applications/iTerm.app/Contents/MacOS/iTerm2:11,6 /System/Library/PrivateFrameworks/SkyLight.framework/Resources/WindowServer:9,0 ]
round=2 block=cy arm=A AFTER  20:50  up 7 days, 10:04, 6 users, load averages: 3,72 3,75 3,78 hot=[/Applications/iTerm.app/Contents/MacOS/iTerm2:12,6 osascript:11,4 /System/Library/PrivateFrameworks/SkyLight.framework/Resources/WindowServer:10,7 ]
round=2 block=bolt arm=B BEFORE 20:50  up 7 days, 10:04, 6 users, load averages: 3,72 3,75 3,78 hot=[/Applications/iTerm.app/Contents/MacOS/iTerm2:12,6 osascript:11,4 /System/Library/PrivateFrameworks/SkyLight.framework/Resources/WindowServer:10,7 ]
round=2 block=bolt arm=B AFTER  20:50  up 7 days, 10:04, 6 users, load averages: 5,80 4,32 3,98 hot=[osascript:22,5 /System/Library/PrivateFrameworks/SkyLight.framework/Resources/WindowServer:16,1 /Applications/iTerm.app/Contents/MacOS/iTerm2:8,5 ]
round=2 block=bolt arm=B2 BEFORE 20:50  up 7 days, 10:04, 6 users, load averages: 5,80 4,32 3,98 hot=[/Users/flaviocfo/Library/Application:29,8 osascript:20,6 /System/Library/PrivateFrameworks/SkyLight.framework/Resources/WindowServer:14,1 /Applications/iTerm.app/Contents/MacOS/iTerm2:7,9 ]
round=2 block=bolt arm=B2 AFTER  20:51  up 7 days, 10:05, 6 users, load averages: 6,79 4,69 4,13 hot=[osascript:20,5 /System/Library/PrivateFrameworks/SkyLight.framework/Resources/WindowServer:16,3 /Applications/iTerm.app/Contents/MacOS/iTerm2:11,1 ]
round=2 block=bolt arm=A BEFORE 20:51  up 7 days, 10:05, 6 users, load averages: 6,79 4,69 4,13 hot=[osascript:19,0 /System/Library/PrivateFrameworks/SkyLight.framework/Resources/WindowServer:15,2 /Applications/iTerm.app/Contents/MacOS/iTerm2:11,5 ]
round=2 block=bolt arm=A AFTER  20:51  up 7 days, 10:05, 6 users, load averages: 5,14 4,50 4,08 hot=[osascript:21,0 /System/Library/PrivateFrameworks/SkyLight.framework/Resources/WindowServer:13,6 /Applications/iTerm.app/Contents/MacOS/iTerm2:9,6 ]
round=2 block=search arm=B BEFORE 20:51  up 7 days, 10:05, 6 users, load averages: 5,14 4,50 4,08 hot=[osascript:18,9 /System/Library/PrivateFrameworks/SkyLight.framework/Resources/WindowServer:13,9 /Applications/iTerm.app/Contents/MacOS/iTerm2:9,6 ]
round=2 block=search arm=B AFTER  20:53  up 7 days, 10:07, 6 users, load averages: 11,77 6,63 4,91 hot=[/Applications/iTerm.app/Contents/MacOS/iTerm2:16,1 osascript:11,5 /System/Library/PrivateFrameworks/SkyLight.framework/Resources/WindowServer:10,2 ]
round=2 block=search arm=B2 BEFORE 20:53  up 7 days, 10:07, 6 users, load averages: 11,77 6,63 4,91 hot=[/Applications/iTerm.app/Contents/MacOS/iTerm2:16,1 osascript:11,5 /System/Library/PrivateFrameworks/SkyLight.framework/Resources/WindowServer:10,2 ]
round=2 block=search arm=B2 AFTER  20:54  up 7 days, 10:08, 6 users, load averages: 8,71 6,87 5,15 hot=[/Applications/iTerm.app/Contents/MacOS/iTerm2:15,7 /System/Library/PrivateFrameworks/SkyLight.framework/Resources/WindowServer:15,0 osascript:11,4 ]
round=2 block=search arm=A BEFORE 20:54  up 7 days, 10:08, 6 users, load averages: 8,71 6,87 5,15 hot=[/Applications/iTerm.app/Contents/MacOS/iTerm2:15,7 /System/Library/PrivateFrameworks/SkyLight.framework/Resources/WindowServer:15,0 osascript:11,4 ]
