round=1 arm=base pre  2,91 2,58 3,04
round=1 arm=base post 2,91 2,58 3,04
round=1 arm=head pre  2,91 2,58 3,04
round=1 arm=head post 3,15 2,64 3,05
round=2 arm=base pre  3,15 2,64 3,05
round=2 arm=base post 3,15 2,64 3,05
round=2 arm=head pre  3,15 2,64 3,05
round=2 arm=head post 3,30 2,68 3,06
round=3 arm=base pre  3,30 2,68 3,06
round=3 arm=base post 3,11 2,66 3,05
round=3 arm=head pre  3,11 2,66 3,05
round=3 arm=head post 3,11 2,66 3,05
round=4 arm=base pre  3,11 2,66 3,05
round=4 arm=base post 3,02 2,64 3,05
round=4 arm=head pre  3,02 2,64 3,05
round=4 arm=head post 2,86 2,62 3,03
round=5 arm=base pre  2,86 2,62 3,03
round=5 arm=base post 3,19 2,69 3,06
round=5 arm=head pre  3,19 2,69 3,06
round=5 arm=head post 3,19 2,69 3,06
round=6 arm=base pre  3,19 2,69 3,06
round=6 arm=base post 3,18 2,69 3,06
round=6 arm=head pre  3,18 2,69 3,06
round=6 arm=head post 3,24 2,72 3,06
round=7 arm=base pre  3,24 2,72 3,06
round=7 arm=base post 3,14 2,70 3,06
round=7 arm=head pre  3,14 2,70 3,06
round=7 arm=head post 3,14 2,70 3,06
round=8 arm=base pre  3,14 2,70 3,06
round=8 arm=base post 3,05 2,69 3,05
round=8 arm=head pre  3,05 2,69 3,05
round=8 arm=head post 3,37 2,76 3,07
round=9 arm=base pre  3,37 2,76 3,07
round=9 arm=base post 3,66 2,83 3,09
round=9 arm=head pre  3,66 2,83 3,09
round=9 arm=head post 3,66 2,83 3,09
round=10 arm=base pre  3,66 2,83 3,09
round=10 arm=base post 3,52 2,82 3,09
round=10 arm=head pre  3,52 2,82 3,09
round=10 arm=head post 3,64 2,86 3,10
round=11 arm=base pre  3,64 2,86 3,10
round=11 arm=base post 3,64 2,86 3,10
round=11 arm=head pre  3,64 2,86 3,10
round=11 arm=head post 3,99 2,94 3,13
round=12 arm=base pre  3,99 2,94 3,13
round=12 arm=base post 3,91 2,94 3,13
round=12 arm=head pre  3,91 2,94 3,13
round=12 arm=head post 3,76 2,93 3,12
