round=1 arm=refac pre  2,61 2,68 2,88
round=1 arm=refac post 2,64 2,69 2,88
round=1 arm=head pre  2,64 2,69 2,88
round=1 arm=head post 2,75 2,71 2,88
round=2 arm=refac pre  2,75 2,71 2,88
round=2 arm=refac post 2,75 2,71 2,88
round=2 arm=head pre  2,75 2,71 2,88
round=2 arm=head post 2,85 2,73 2,89
round=3 arm=refac pre  2,85 2,73 2,89
round=3 arm=refac post 3,26 2,82 2,92
round=3 arm=head pre  3,26 2,82 2,92
round=3 arm=head post 3,26 2,82 2,92
round=4 arm=refac pre  3,26 2,82 2,92
round=4 arm=refac post 3,40 2,85 2,93
round=4 arm=head pre  3,40 2,85 2,93
round=4 arm=head post 3,21 2,82 2,92
round=5 arm=refac pre  3,21 2,82 2,92
round=5 arm=refac post 3,11 2,81 2,91
round=5 arm=head pre  3,11 2,81 2,91
round=5 arm=head post 3,11 2,81 2,91
round=6 arm=refac pre  3,11 2,81 2,91
round=6 arm=refac post 3,02 2,79 2,91
round=6 arm=head pre  3,02 2,79 2,91
round=6 arm=head post 2,86 2,76 2,90
round=7 arm=refac pre  2,86 2,76 2,90
round=7 arm=refac post 2,87 2,77 2,90
round=7 arm=head pre  2,87 2,77 2,90
round=7 arm=head post 2,87 2,77 2,90
round=8 arm=refac pre  2,87 2,77 2,90
round=8 arm=refac post 2,72 2,74 2,89
round=8 arm=head pre  2,72 2,74 2,89
round=8 arm=head post 2,82 2,76 2,89
round=9 arm=refac pre  2,82 2,76 2,89
round=9 arm=refac post 2,68 2,73 2,88
round=9 arm=head pre  2,68 2,73 2,88
round=9 arm=head post 2,68 2,73 2,88
round=10 arm=refac pre  2,68 2,73 2,88
round=10 arm=refac post 2,70 2,73 2,88
round=10 arm=head pre  2,70 2,73 2,88
round=10 arm=head post 2,57 2,71 2,87
round=11 arm=refac pre  2,57 2,71 2,87
round=11 arm=refac post 2,57 2,71 2,87
round=11 arm=head pre  2,57 2,71 2,87
round=11 arm=head post 2,60 2,71 2,87
round=12 arm=refac pre  2,60 2,71 2,87
round=12 arm=refac post 2,47 2,68 2,86
round=12 arm=head pre  2,47 2,68 2,86
round=12 arm=head post 2,43 2,67 2,86
