round=1 arm=base pre  3,62 2,91 3,11
round=1 arm=base post 3,73 2,94 3,12
round=1 arm=base pre  3,73 2,94 3,12
round=1 arm=base post 3,51 2,91 3,11
round=2 arm=base pre  3,51 2,91 3,11
round=2 arm=base post 3,51 2,91 3,11
round=2 arm=base pre  3,51 2,91 3,11
round=2 arm=base post 3,47 2,91 3,11
round=3 arm=base pre  3,47 2,91 3,11
round=3 arm=base post 3,59 2,95 3,12
round=3 arm=base pre  3,59 2,95 3,12
round=3 arm=base post 3,59 2,95 3,12
round=4 arm=base pre  3,59 2,95 3,12
round=4 arm=base post 3,54 2,95 3,12
round=4 arm=base pre  3,54 2,95 3,12
round=4 arm=base post 3,50 2,95 3,12
round=5 arm=base pre  3,50 2,95 3,12
round=5 arm=base post 3,30 2,92 3,11
round=5 arm=base pre  3,30 2,92 3,11
round=5 arm=base post 3,30 2,92 3,11
round=6 arm=base pre  3,30 2,92 3,11
round=6 arm=base post 3,43 2,95 3,12
round=6 arm=base pre  3,43 2,95 3,12
round=6 arm=base post 3,40 2,95 3,12
round=7 arm=base pre  3,40 2,95 3,12
round=7 arm=base post 3,29 2,93 3,11
round=7 arm=base pre  3,29 2,93 3,11
round=7 arm=base post 3,29 2,93 3,11
round=8 arm=base pre  3,29 2,93 3,11
round=8 arm=base post 3,34 2,95 3,11
round=8 arm=base pre  3,34 2,95 3,11
round=8 arm=base post 3,32 2,95 3,11
round=9 arm=base pre  3,32 2,95 3,11
round=9 arm=base post 3,32 2,95 3,11
round=9 arm=base pre  3,32 2,95 3,11
round=9 arm=base post 3,21 2,94 3,11
round=10 arm=base pre  3,21 2,94 3,11
round=10 arm=base post 3,11 2,92 3,10
round=10 arm=base pre  3,11 2,92 3,10
round=10 arm=base post 3,10 2,92 3,10
round=11 arm=base pre  3,10 2,92 3,10
round=11 arm=base post 3,10 2,92 3,10
round=11 arm=base pre  3,10 2,92 3,10
round=11 arm=base post 3,10 2,92 3,10
round=12 arm=base pre  3,10 2,92 3,10
round=12 arm=base post 3,09 2,92 3,10
round=12 arm=base pre  3,09 2,92 3,10
round=12 arm=base post 3,00 2,91 3,09
