START 2026-09-06T10:05:16Z rounds=6 gate=2.5 go=go version go1.27.1 darwin/arm64
ROUND 1 GATE_OPEN load1=2.36 waited=100s 2026-09-06T10:06:56Z
round=1 block=exec arm=A EXIT=0 SECONDS=98
round=1 block=exec arm=B EXIT=0 SECONDS=97
round=1 block=exec arm=B2 EXIT=0 SECONDS=97
round=1 block=cy arm=A EXIT=0 SECONDS=170
round=1 block=cy arm=B EXIT=0 SECONDS=160
round=1 block=cy arm=B2 EXIT=0 SECONDS=166
round=1 block=wal arm=A EXIT=0 SECONDS=41
round=1 block=wal arm=B EXIT=0 SECONDS=39
round=1 block=wal arm=B2 EXIT=0 SECONDS=40
round=1 block=txn arm=A EXIT=0 SECONDS=4
round=1 block=txn arm=B EXIT=0 SECONDS=3
round=1 block=txn arm=B2 EXIT=0 SECONDS=4
round=1 block=search arm=A EXIT=0 SECONDS=69
round=1 block=search arm=B EXIT=0 SECONDS=69
round=1 block=search arm=B2 EXIT=0 SECONDS=69
round=1 block=centrality arm=A EXIT=0 SECONDS=2
round=1 block=centrality arm=B EXIT=0 SECONDS=2
round=1 block=centrality arm=B2 EXIT=0 SECONDS=2
round=1 block=Lreadtx arm=A EXIT=0 SECONDS=17
round=1 block=Lreadtx arm=B EXIT=0 SECONDS=15
round=1 block=Lreadtx arm=B2 EXIT=0 SECONDS=14
round=1 block=Lcypar arm=A EXIT=0 SECONDS=60
round=1 block=Lcypar arm=B EXIT=0 SECONDS=57
round=1 block=Lcypar arm=B2 EXIT=0 SECONDS=61
round=1 block=Llpg arm=A EXIT=0 SECONDS=13
round=1 block=Llpg arm=B EXIT=0 SECONDS=14
round=1 block=Llpg arm=B2 EXIT=0 SECONDS=13
round=1 block=Lmvcc arm=A EXIT=0 SECONDS=26
round=1 block=Lmvcc arm=B EXIT=0 SECONDS=25
round=1 block=Lmvcc arm=B2 EXIT=0 SECONDS=25
round=1 block=Lprom arm=A EXIT=0 SECONDS=8
round=1 block=Lprom arm=B EXIT=0 SECONDS=8
round=1 block=Lprom arm=B2 EXIT=0 SECONDS=9
round=1 block=Lmapper arm=A EXIT=0 SECONDS=7
round=1 block=Lmapper arm=B EXIT=0 SECONDS=7
round=1 block=Lmapper arm=B2 EXIT=0 SECONDS=8
round=1 block=Ltxn arm=A EXIT=0 SECONDS=7
round=1 block=Ltxn arm=B EXIT=0 SECONDS=5
round=1 block=Ltxn arm=B2 EXIT=0 SECONDS=7
round=1 block=Lbolt arm=A EXIT=0 SECONDS=15
round=1 block=Lbolt arm=B EXIT=0 SECONDS=16
round=1 block=Lbolt arm=B2 EXIT=0 SECONDS=15
ROUND 1 COMPLETE 2026-09-06T10:33:21Z load=[114.12 55.72 27.73]
ROUND 2 GATE_OPEN load1=2.66 waited=600s 2026-09-06T10:43:22Z
round=2 block=exec arm=B EXIT=0 SECONDS=96
round=2 block=exec arm=B2 EXIT=0 SECONDS=96
round=2 block=exec arm=A EXIT=0 SECONDS=99
round=2 block=cy arm=B EXIT=0 SECONDS=166
round=2 block=cy arm=B2 EXIT=0 SECONDS=165
round=2 block=cy arm=A EXIT=0 SECONDS=163
round=2 block=wal arm=B EXIT=0 SECONDS=40
round=2 block=wal arm=B2 EXIT=0 SECONDS=40
round=2 block=wal arm=A EXIT=0 SECONDS=41
round=2 block=txn arm=B EXIT=0 SECONDS=3
round=2 block=txn arm=B2 EXIT=0 SECONDS=3
round=2 block=txn arm=A EXIT=0 SECONDS=4
round=2 block=search arm=B EXIT=0 SECONDS=68
round=2 block=search arm=B2 EXIT=0 SECONDS=67
round=2 block=search arm=A EXIT=0 SECONDS=69
round=2 block=centrality arm=B EXIT=0 SECONDS=2
round=2 block=centrality arm=B2 EXIT=0 SECONDS=2
round=2 block=centrality arm=A EXIT=0 SECONDS=2
round=2 block=Lreadtx arm=B EXIT=0 SECONDS=14
round=2 block=Lreadtx arm=B2 EXIT=0 SECONDS=14
round=2 block=Lreadtx arm=A EXIT=0 SECONDS=16
round=2 block=Lcypar arm=B EXIT=0 SECONDS=59
round=2 block=Lcypar arm=B2 EXIT=0 SECONDS=58
round=2 block=Lcypar arm=A EXIT=0 SECONDS=61
round=2 block=Llpg arm=B EXIT=0 SECONDS=14
round=2 block=Llpg arm=B2 EXIT=0 SECONDS=13
round=2 block=Llpg arm=A EXIT=0 SECONDS=13
round=2 block=Lmvcc arm=B EXIT=0 SECONDS=25
round=2 block=Lmvcc arm=B2 EXIT=0 SECONDS=24
round=2 block=Lmvcc arm=A EXIT=0 SECONDS=25
round=2 block=Lprom arm=B EXIT=0 SECONDS=8
round=2 block=Lprom arm=B2 EXIT=0 SECONDS=8
round=2 block=Lprom arm=A EXIT=0 SECONDS=8
round=2 block=Lmapper arm=B EXIT=0 SECONDS=7
round=2 block=Lmapper arm=B2 EXIT=0 SECONDS=7
round=2 block=Lmapper arm=A EXIT=0 SECONDS=8
round=2 block=Ltxn arm=B EXIT=0 SECONDS=6
round=2 block=Ltxn arm=B2 EXIT=0 SECONDS=7
round=2 block=Ltxn arm=A EXIT=0 SECONDS=7
round=2 block=Lbolt arm=B EXIT=0 SECONDS=15
round=2 block=Lbolt arm=B2 EXIT=0 SECONDS=15
round=2 block=Lbolt arm=A EXIT=0 SECONDS=15
ROUND 2 COMPLETE 2026-09-06T11:09:35Z load=[94.90 60.21 32.64]
ROUND 3 GATE_OPEN load1=2.20 waited=280s 2026-09-06T11:14:15Z
round=3 block=exec arm=B2 EXIT=0 SECONDS=97
round=3 block=exec arm=A EXIT=0 SECONDS=96
round=3 block=exec arm=B EXIT=0 SECONDS=97
round=3 block=cy arm=B2 EXIT=0 SECONDS=168
round=3 block=cy arm=A EXIT=0 SECONDS=169
round=3 block=cy arm=B EXIT=0 SECONDS=164
round=3 block=wal arm=B2 EXIT=0 SECONDS=41
round=3 block=wal arm=A EXIT=0 SECONDS=40
round=3 block=wal arm=B EXIT=0 SECONDS=41
round=3 block=txn arm=B2 EXIT=0 SECONDS=3
round=3 block=txn arm=A EXIT=0 SECONDS=4
round=3 block=txn arm=B EXIT=0 SECONDS=3
round=3 block=search arm=B2 EXIT=0 SECONDS=68
round=3 block=search arm=A EXIT=0 SECONDS=69
round=3 block=search arm=B EXIT=0 SECONDS=69
round=3 block=centrality arm=B2 EXIT=0 SECONDS=2
round=3 block=centrality arm=A EXIT=0 SECONDS=2
round=3 block=centrality arm=B EXIT=0 SECONDS=2
round=3 block=Lreadtx arm=B2 EXIT=0 SECONDS=14
round=3 block=Lreadtx arm=A EXIT=0 SECONDS=17
round=3 block=Lreadtx arm=B EXIT=0 SECONDS=17
round=3 block=Lcypar arm=B2 EXIT=0 SECONDS=59
round=3 block=Lcypar arm=A EXIT=0 SECONDS=60
round=3 block=Lcypar arm=B EXIT=0 SECONDS=59
round=3 block=Llpg arm=B2 EXIT=0 SECONDS=13
round=3 block=Llpg arm=A EXIT=0 SECONDS=14
round=3 block=Llpg arm=B EXIT=0 SECONDS=13
round=3 block=Lmvcc arm=B2 EXIT=0 SECONDS=26
round=3 block=Lmvcc arm=A EXIT=0 SECONDS=24
round=3 block=Lmvcc arm=B EXIT=0 SECONDS=25
round=3 block=Lprom arm=B2 EXIT=0 SECONDS=8
round=3 block=Lprom arm=A EXIT=0 SECONDS=8
round=3 block=Lprom arm=B EXIT=0 SECONDS=8
round=3 block=Lmapper arm=B2 EXIT=0 SECONDS=7
round=3 block=Lmapper arm=A EXIT=0 SECONDS=8
round=3 block=Lmapper arm=B EXIT=0 SECONDS=7
round=3 block=Ltxn arm=B2 EXIT=0 SECONDS=7
round=3 block=Ltxn arm=A EXIT=0 SECONDS=6
round=3 block=Ltxn arm=B EXIT=0 SECONDS=7
round=3 block=Lbolt arm=B2 EXIT=0 SECONDS=14
round=3 block=Lbolt arm=A EXIT=0 SECONDS=17
round=3 block=Lbolt arm=B EXIT=0 SECONDS=15
ROUND 3 COMPLETE 2026-09-06T11:40:43Z load=[50.03 37.44 23.24]
ROUND 4 GATE_OPEN load1=2.36 waited=260s 2026-09-06T11:45:03Z
round=4 block=exec arm=A EXIT=0 SECONDS=99
round=4 block=exec arm=B EXIT=0 SECONDS=97
round=4 block=exec arm=B2 EXIT=0 SECONDS=98
round=4 block=cy arm=A EXIT=0 SECONDS=168
round=4 block=cy arm=B EXIT=0 SECONDS=165
round=4 block=cy arm=B2 EXIT=0 SECONDS=169
round=4 block=wal arm=A EXIT=0 SECONDS=41
round=4 block=wal arm=B EXIT=0 SECONDS=41
round=4 block=wal arm=B2 EXIT=0 SECONDS=40
round=4 block=txn arm=A EXIT=0 SECONDS=3
round=4 block=txn arm=B EXIT=0 SECONDS=3
round=4 block=txn arm=B2 EXIT=0 SECONDS=3
round=4 block=search arm=A EXIT=0 SECONDS=69
round=4 block=search arm=B EXIT=0 SECONDS=68
round=4 block=search arm=B2 EXIT=0 SECONDS=69
round=4 block=centrality arm=A EXIT=0 SECONDS=2
round=4 block=centrality arm=B EXIT=0 SECONDS=2
round=4 block=centrality arm=B2 EXIT=0 SECONDS=2
round=4 block=Lreadtx arm=A EXIT=0 SECONDS=14
round=4 block=Lreadtx arm=B EXIT=0 SECONDS=17
round=4 block=Lreadtx arm=B2 EXIT=0 SECONDS=19
round=4 block=Lcypar arm=A EXIT=0 SECONDS=58
round=4 block=Lcypar arm=B EXIT=0 SECONDS=59
round=4 block=Lcypar arm=B2 EXIT=0 SECONDS=59
round=4 block=Llpg arm=A EXIT=0 SECONDS=13
round=4 block=Llpg arm=B EXIT=0 SECONDS=14
round=4 block=Llpg arm=B2 EXIT=0 SECONDS=14
round=4 block=Lmvcc arm=A EXIT=0 SECONDS=24
round=4 block=Lmvcc arm=B EXIT=0 SECONDS=25
round=4 block=Lmvcc arm=B2 EXIT=0 SECONDS=25
round=4 block=Lprom arm=A EXIT=0 SECONDS=8
round=4 block=Lprom arm=B EXIT=0 SECONDS=7
round=4 block=Lprom arm=B2 EXIT=0 SECONDS=8
round=4 block=Lmapper arm=A EXIT=0 SECONDS=8
round=4 block=Lmapper arm=B EXIT=0 SECONDS=7
round=4 block=Lmapper arm=B2 EXIT=0 SECONDS=7
round=4 block=Ltxn arm=A EXIT=0 SECONDS=7
round=4 block=Ltxn arm=B EXIT=0 SECONDS=5
round=4 block=Ltxn arm=B2 EXIT=0 SECONDS=6
round=4 block=Lbolt arm=A EXIT=0 SECONDS=14
round=4 block=Lbolt arm=B EXIT=0 SECONDS=15
round=4 block=Lbolt arm=B2 EXIT=0 SECONDS=15
ROUND 4 COMPLETE 2026-09-06T12:11:32Z load=[100.13 57.84 31.30]
ROUND 5 GATE_OPEN load1=2.28 waited=320s 2026-09-06T12:16:53Z
round=5 block=exec arm=B EXIT=0 SECONDS=97
round=5 block=exec arm=B2 EXIT=0 SECONDS=95
round=5 block=exec arm=A EXIT=0 SECONDS=98
round=5 block=cy arm=B EXIT=0 SECONDS=166
round=5 block=cy arm=B2 EXIT=0 SECONDS=162
round=5 block=cy arm=A EXIT=0 SECONDS=168
round=5 block=wal arm=B EXIT=0 SECONDS=41
round=5 block=wal arm=B2 EXIT=0 SECONDS=41
round=5 block=wal arm=A EXIT=0 SECONDS=41
round=5 block=txn arm=B EXIT=0 SECONDS=3
round=5 block=txn arm=B2 EXIT=0 SECONDS=3
round=5 block=txn arm=A EXIT=0 SECONDS=3
round=5 block=search arm=B EXIT=0 SECONDS=70
round=5 block=search arm=B2 EXIT=0 SECONDS=69
round=5 block=search arm=A EXIT=0 SECONDS=70
round=5 block=centrality arm=B EXIT=0 SECONDS=2
round=5 block=centrality arm=B2 EXIT=0 SECONDS=2
round=5 block=centrality arm=A EXIT=0 SECONDS=2
round=5 block=Lreadtx arm=B EXIT=0 SECONDS=15
round=5 block=Lreadtx arm=B2 EXIT=0 SECONDS=15
round=5 block=Lreadtx arm=A EXIT=0 SECONDS=14
round=5 block=Lcypar arm=B EXIT=0 SECONDS=65
round=5 block=Lcypar arm=B2 EXIT=0 SECONDS=57
round=5 block=Lcypar arm=A EXIT=0 SECONDS=63
round=5 block=Llpg arm=B EXIT=0 SECONDS=14
round=5 block=Llpg arm=B2 EXIT=0 SECONDS=14
round=5 block=Llpg arm=A EXIT=0 SECONDS=14
round=5 block=Lmvcc arm=B EXIT=0 SECONDS=26
round=5 block=Lmvcc arm=B2 EXIT=0 SECONDS=24
round=5 block=Lmvcc arm=A EXIT=0 SECONDS=25
round=5 block=Lprom arm=B EXIT=0 SECONDS=8
round=5 block=Lprom arm=B2 EXIT=0 SECONDS=8
round=5 block=Lprom arm=A EXIT=0 SECONDS=8
round=5 block=Lmapper arm=B EXIT=0 SECONDS=7
round=5 block=Lmapper arm=B2 EXIT=0 SECONDS=7
round=5 block=Lmapper arm=A EXIT=0 SECONDS=7
round=5 block=Ltxn arm=B EXIT=0 SECONDS=6
round=5 block=Ltxn arm=B2 EXIT=0 SECONDS=5
round=5 block=Ltxn arm=A EXIT=0 SECONDS=7
round=5 block=Lbolt arm=B EXIT=0 SECONDS=15
round=5 block=Lbolt arm=B2 EXIT=0 SECONDS=15
round=5 block=Lbolt arm=A EXIT=0 SECONDS=16
ROUND 5 COMPLETE 2026-09-06T12:43:21Z load=[136.74 75.31 39.26]
ROUND 6 GATE_OPEN load1=2.23 waited=340s 2026-09-06T12:49:02Z
round=6 block=exec arm=B2 EXIT=0 SECONDS=98
round=6 block=exec arm=A EXIT=0 SECONDS=99
round=6 block=exec arm=B EXIT=0 SECONDS=96
round=6 block=cy arm=B2 EXIT=0 SECONDS=163
round=6 block=cy arm=A EXIT=0 SECONDS=164
round=6 block=cy arm=B EXIT=0 SECONDS=162
round=6 block=wal arm=B2 EXIT=0 SECONDS=41
round=6 block=wal arm=A EXIT=0 SECONDS=41
round=6 block=wal arm=B EXIT=0 SECONDS=40
round=6 block=txn arm=B2 EXIT=0 SECONDS=4
round=6 block=txn arm=A EXIT=0 SECONDS=3
round=6 block=txn arm=B EXIT=0 SECONDS=4
round=6 block=search arm=B2 EXIT=0 SECONDS=66
round=6 block=search arm=A EXIT=0 SECONDS=67
round=6 block=search arm=B EXIT=0 SECONDS=67
round=6 block=centrality arm=B2 EXIT=0 SECONDS=2
round=6 block=centrality arm=A EXIT=0 SECONDS=2
round=6 block=centrality arm=B EXIT=0 SECONDS=2
round=6 block=Lreadtx arm=B2 EXIT=0 SECONDS=14
round=6 block=Lreadtx arm=A EXIT=0 SECONDS=15
round=6 block=Lreadtx arm=B EXIT=0 SECONDS=15
round=6 block=Lcypar arm=B2 EXIT=0 SECONDS=57
round=6 block=Lcypar arm=A EXIT=0 SECONDS=60
round=6 block=Lcypar arm=B EXIT=0 SECONDS=55
round=6 block=Llpg arm=B2 EXIT=0 SECONDS=13
round=6 block=Llpg arm=A EXIT=0 SECONDS=14
round=6 block=Llpg arm=B EXIT=0 SECONDS=13
round=6 block=Lmvcc arm=B2 EXIT=0 SECONDS=25
round=6 block=Lmvcc arm=A EXIT=0 SECONDS=24
round=6 block=Lmvcc arm=B EXIT=0 SECONDS=25
round=6 block=Lprom arm=B2 EXIT=0 SECONDS=8
round=6 block=Lprom arm=A EXIT=0 SECONDS=7
round=6 block=Lprom arm=B EXIT=0 SECONDS=8
round=6 block=Lmapper arm=B2 EXIT=0 SECONDS=7
round=6 block=Lmapper arm=A EXIT=0 SECONDS=8
round=6 block=Lmapper arm=B EXIT=0 SECONDS=7
round=6 block=Ltxn arm=B2 EXIT=0 SECONDS=7
round=6 block=Ltxn arm=A EXIT=0 SECONDS=6
round=6 block=Ltxn arm=B EXIT=0 SECONDS=7
round=6 block=Lbolt arm=B2 EXIT=0 SECONDS=14
round=6 block=Lbolt arm=A EXIT=0 SECONDS=15
round=6 block=Lbolt arm=B EXIT=0 SECONDS=16
ROUND 6 COMPLETE 2026-09-06T13:15:03Z load=[74.59 52.60 31.47]
END 2026-09-06T13:15:03Z load=[74.59 52.60 31.47]
