round=1 block=exec arm=A BEFORE 11:06  up 17 days, 15:30, 3 users, load averages: 2,36 7,57 6,65
round=1 block=exec arm=A AFTER  11:08  up 17 days, 15:32, 3 users, load averages: 2,59 6,25 6,23
round=1 block=exec arm=B BEFORE 11:08  up 17 days, 15:32, 3 users, load averages: 2,59 6,25 6,23
round=1 block=exec arm=B AFTER  11:10  up 17 days, 15:33, 3 users, load averages: 2,81 5,35 5,89
round=1 block=exec arm=B2 BEFORE 11:10  up 17 days, 15:33, 3 users, load averages: 2,81 5,35 5,89
round=1 block=exec arm=B2 AFTER  11:11  up 17 days, 15:35, 3 users, load averages: 3,01 4,76 5,60
round=1 block=cy arm=A BEFORE 11:11  up 17 days, 15:35, 3 users, load averages: 3,01 4,76 5,60
round=1 block=cy arm=A AFTER  11:14  up 17 days, 15:38, 3 users, load averages: 5,29 4,65 5,36
round=1 block=cy arm=B BEFORE 11:14  up 17 days, 15:38, 3 users, load averages: 5,29 4,65 5,36
round=1 block=cy arm=B AFTER  11:17  up 17 days, 15:40, 3 users, load averages: 6,39 5,41 5,54
round=1 block=cy arm=B2 BEFORE 11:17  up 17 days, 15:40, 3 users, load averages: 6,39 5,41 5,54
round=1 block=cy arm=B2 AFTER  11:20  up 17 days, 15:43, 3 users, load averages: 4,36 5,09 5,39
round=1 block=wal arm=A BEFORE 11:20  up 17 days, 15:43, 3 users, load averages: 4,36 5,09 5,39
round=1 block=wal arm=A AFTER  11:20  up 17 days, 15:44, 3 users, load averages: 3,19 4,68 5,22
round=1 block=wal arm=B BEFORE 11:20  up 17 days, 15:44, 3 users, load averages: 3,19 4,68 5,22
round=1 block=wal arm=B AFTER  11:21  up 17 days, 15:45, 3 users, load averages: 2,77 4,39 5,09
round=1 block=wal arm=B2 BEFORE 11:21  up 17 days, 15:45, 3 users, load averages: 2,77 4,39 5,09
round=1 block=wal arm=B2 AFTER  11:22  up 17 days, 15:45, 3 users, load averages: 2,56 4,16 4,97
round=1 block=txn arm=A BEFORE 11:22  up 17 days, 15:45, 3 users, load averages: 2,56 4,16 4,97
round=1 block=txn arm=A AFTER  11:22  up 17 days, 15:45, 3 users, load averages: 2,43 4,10 4,95
round=1 block=txn arm=B BEFORE 11:22  up 17 days, 15:45, 3 users, load averages: 2,43 4,10 4,95
round=1 block=txn arm=B AFTER  11:22  up 17 days, 15:45, 3 users, load averages: 2,40 4,07 4,93
round=1 block=txn arm=B2 BEFORE 11:22  up 17 days, 15:45, 3 users, load averages: 2,40 4,07 4,93
round=1 block=txn arm=B2 AFTER  11:22  up 17 days, 15:45, 3 users, load averages: 2,37 4,03 4,91
round=1 block=search arm=A BEFORE 11:22  up 17 days, 15:45, 3 users, load averages: 2,37 4,03 4,91
round=1 block=search arm=A AFTER  11:23  up 17 days, 15:46, 3 users, load averages: 4,64 4,52 5,04
round=1 block=search arm=B BEFORE 11:23  up 17 days, 15:46, 3 users, load averages: 4,64 4,52 5,04
round=1 block=search arm=B AFTER  11:24  up 17 days, 15:48, 3 users, load averages: 7,65 5,44 5,34
round=1 block=search arm=B2 BEFORE 11:24  up 17 days, 15:48, 3 users, load averages: 7,65 5,44 5,34
round=1 block=search arm=B2 AFTER  11:25  up 17 days, 15:49, 3 users, load averages: 6,58 5,45 5,34
round=1 block=centrality arm=A BEFORE 11:25  up 17 days, 15:49, 3 users, load averages: 6,58 5,45 5,34
round=1 block=centrality arm=A AFTER  11:25  up 17 days, 15:49, 3 users, load averages: 6,58 5,45 5,34
round=1 block=centrality arm=B BEFORE 11:25  up 17 days, 15:49, 3 users, load averages: 6,58 5,45 5,34
round=1 block=centrality arm=B AFTER  11:25  up 17 days, 15:49, 3 users, load averages: 6,38 5,43 5,34
round=1 block=centrality arm=B2 BEFORE 11:25  up 17 days, 15:49, 3 users, load averages: 6,38 5,43 5,34
round=1 block=centrality arm=B2 AFTER  11:25  up 17 days, 15:49, 3 users, load averages: 6,38 5,43 5,34
round=1 block=Lreadtx arm=A BEFORE 11:25  up 17 days, 15:49, 3 users, load averages: 6,38 5,43 5,34
round=1 block=Lreadtx arm=A AFTER  11:26  up 17 days, 15:49, 3 users, load averages: 10,91 6,48 5,71
round=1 block=Lreadtx arm=B BEFORE 11:26  up 17 days, 15:49, 3 users, load averages: 10,91 6,48 5,71
round=1 block=Lreadtx arm=B AFTER  11:26  up 17 days, 15:49, 3 users, load averages: 13,42 7,24 6,00
round=1 block=Lreadtx arm=B2 BEFORE 11:26  up 17 days, 15:49, 3 users, load averages: 13,42 7,24 6,00
round=1 block=Lreadtx arm=B2 AFTER  11:26  up 17 days, 15:50, 3 users, load averages: 14,13 7,61 6,14
round=1 block=Lcypar arm=A BEFORE 11:26  up 17 days, 15:50, 3 users, load averages: 14,13 7,61 6,14
round=1 block=Lcypar arm=A AFTER  11:27  up 17 days, 15:51, 3 users, load averages: 14,76 8,98 6,75
round=1 block=Lcypar arm=B BEFORE 11:27  up 17 days, 15:51, 3 users, load averages: 14,76 8,98 6,75
round=1 block=Lcypar arm=B AFTER  11:28  up 17 days, 15:52, 3 users, load averages: 18,13 11,20 7,74
round=1 block=Lcypar arm=B2 BEFORE 11:28  up 17 days, 15:52, 3 users, load averages: 18,13 11,20 7,74
round=1 block=Lcypar arm=B2 AFTER  11:29  up 17 days, 15:53, 3 users, load averages: 15,71 12,01 8,30
round=1 block=Llpg arm=A BEFORE 11:29  up 17 days, 15:53, 3 users, load averages: 15,71 12,01 8,30
round=1 block=Llpg arm=A AFTER  11:29  up 17 days, 15:53, 3 users, load averages: 15,60 12,17 8,42
round=1 block=Llpg arm=B BEFORE 11:29  up 17 days, 15:53, 3 users, load averages: 15,60 12,17 8,42
round=1 block=Llpg arm=B AFTER  11:30  up 17 days, 15:53, 3 users, load averages: 34,92 16,55 10,02
round=1 block=Llpg arm=B2 BEFORE 11:30  up 17 days, 15:53, 3 users, load averages: 34,92 16,55 10,02
round=1 block=Llpg arm=B2 AFTER  11:30  up 17 days, 15:53, 3 users, load averages: 54,50 21,76 11,99
round=1 block=Lmvcc arm=A BEFORE 11:30  up 17 days, 15:53, 3 users, load averages: 54,50 21,76 11,99
round=1 block=Lmvcc arm=A AFTER  11:30  up 17 days, 15:54, 3 users, load averages: 61,71 25,95 13,78
round=1 block=Lmvcc arm=B BEFORE 11:30  up 17 days, 15:54, 3 users, load averages: 61,71 25,95 13,78
round=1 block=Lmvcc arm=B AFTER  11:31  up 17 days, 15:54, 3 users, load averages: 60,11 28,22 14,94
round=1 block=Lmvcc arm=B2 BEFORE 11:31  up 17 days, 15:54, 3 users, load averages: 60,11 28,22 14,94
round=1 block=Lmvcc arm=B2 AFTER  11:31  up 17 days, 15:55, 3 users, load averages: 63,68 31,41 16,46
round=1 block=Lprom arm=A BEFORE 11:31  up 17 days, 15:55, 3 users, load averages: 63,68 31,41 16,46
round=1 block=Lprom arm=A AFTER  11:31  up 17 days, 15:55, 3 users, load averages: 77,25 35,22 17,97
round=1 block=Lprom arm=B BEFORE 11:31  up 17 days, 15:55, 3 users, load averages: 77,25 35,22 17,97
round=1 block=Lprom arm=B AFTER  11:31  up 17 days, 15:55, 3 users, load averages: 71,78 34,79 17,92
round=1 block=Lprom arm=B2 BEFORE 11:31  up 17 days, 15:55, 3 users, load averages: 71,78 34,79 17,92
round=1 block=Lprom arm=B2 AFTER  11:31  up 17 days, 15:55, 3 users, load averages: 70,96 35,76 18,46
round=1 block=Lmapper arm=A BEFORE 11:31  up 17 days, 15:55, 3 users, load averages: 70,96 35,76 18,46
round=1 block=Lmapper arm=A AFTER  11:32  up 17 days, 15:55, 3 users, load averages: 95,94 42,04 20,88
round=1 block=Lmapper arm=B BEFORE 11:32  up 17 days, 15:55, 3 users, load averages: 95,94 42,04 20,88
round=1 block=Lmapper arm=B AFTER  11:32  up 17 days, 15:55, 3 users, load averages: 99,31 43,63 21,56
round=1 block=Lmapper arm=B2 BEFORE 11:32  up 17 days, 15:55, 3 users, load averages: 99,31 43,63 21,56
round=1 block=Lmapper arm=B2 AFTER  11:32  up 17 days, 15:55, 3 users, load averages: 92,07 43,06 21,49
round=1 block=Ltxn arm=A BEFORE 11:32  up 17 days, 15:55, 3 users, load averages: 92,07 43,06 21,49
round=1 block=Ltxn arm=A AFTER  11:32  up 17 days, 15:55, 3 users, load averages: 78,51 41,77 21,28
round=1 block=Ltxn arm=B BEFORE 11:32  up 17 days, 15:55, 3 users, load averages: 78,51 41,77 21,28
round=1 block=Ltxn arm=B AFTER  11:32  up 17 days, 15:56, 3 users, load averages: 72,23 41,07 21,16
round=1 block=Ltxn arm=B2 BEFORE 11:32  up 17 days, 15:56, 3 users, load averages: 72,23 41,07 21,16
round=1 block=Ltxn arm=B2 AFTER  11:32  up 17 days, 15:56, 3 users, load averages: 66,92 40,49 21,07
round=1 block=Lbolt arm=A BEFORE 11:32  up 17 days, 15:56, 3 users, load averages: 66,92 40,49 21,07
round=1 block=Lbolt arm=A AFTER  11:32  up 17 days, 15:56, 3 users, load averages: 92,17 47,31 23,84
round=1 block=Lbolt arm=B BEFORE 11:32  up 17 days, 15:56, 3 users, load averages: 92,17 47,31 23,84
round=1 block=Lbolt arm=B AFTER  11:33  up 17 days, 15:56, 3 users, load averages: 79,29 46,58 23,98
round=1 block=Lbolt arm=B2 BEFORE 11:33  up 17 days, 15:56, 3 users, load averages: 79,29 46,58 23,98
round=1 block=Lbolt arm=B2 AFTER  11:33  up 17 days, 15:56, 3 users, load averages: 114,12 55,72 27,73
round=2 block=exec arm=B BEFORE 11:43  up 17 days, 16:06, 3 users, load averages: 2,66 9,98 15,16
round=2 block=exec arm=B AFTER  11:44  up 17 days, 16:08, 3 users, load averages: 4,67 8,61 14,07
round=2 block=exec arm=B2 BEFORE 11:44  up 17 days, 16:08, 3 users, load averages: 4,67 8,61 14,07
round=2 block=exec arm=B2 AFTER  11:46  up 17 days, 16:10, 3 users, load averages: 5,70 7,85 13,19
round=2 block=exec arm=A BEFORE 11:46  up 17 days, 16:10, 3 users, load averages: 5,70 7,85 13,19
round=2 block=exec arm=A AFTER  11:48  up 17 days, 16:11, 3 users, load averages: 3,90 6,68 12,14
round=2 block=cy arm=B BEFORE 11:48  up 17 days, 16:11, 3 users, load averages: 3,90 6,68 12,14
round=2 block=cy arm=B AFTER  11:50  up 17 days, 16:14, 3 users, load averages: 6,63 6,47 11,06
round=2 block=cy arm=B2 BEFORE 11:50  up 17 days, 16:14, 3 users, load averages: 6,63 6,47 11,06
round=2 block=cy arm=B2 AFTER  11:53  up 17 days, 16:17, 3 users, load averages: 4,88 5,77 9,96
round=2 block=cy arm=A BEFORE 11:53  up 17 days, 16:17, 3 users, load averages: 4,88 5,77 9,96
round=2 block=cy arm=A AFTER  11:56  up 17 days, 16:20, 3 users, load averages: 6,70 5,99 9,28
round=2 block=wal arm=B BEFORE 11:56  up 17 days, 16:20, 3 users, load averages: 6,70 5,99 9,28
round=2 block=wal arm=B AFTER  11:57  up 17 days, 16:20, 3 users, load averages: 4,54 5,52 8,95
round=2 block=wal arm=B2 BEFORE 11:57  up 17 days, 16:20, 3 users, load averages: 4,54 5,52 8,95
round=2 block=wal arm=B2 AFTER  11:57  up 17 days, 16:21, 3 users, load averages: 3,02 5,01 8,61
round=2 block=wal arm=A BEFORE 11:57  up 17 days, 16:21, 3 users, load averages: 3,02 5,01 8,61
round=2 block=wal arm=A AFTER  11:58  up 17 days, 16:22, 3 users, load averages: 2,62 4,66 8,32
round=2 block=txn arm=B BEFORE 11:58  up 17 days, 16:22, 3 users, load averages: 2,62 4,66 8,32
round=2 block=txn arm=B AFTER  11:58  up 17 days, 16:22, 3 users, load averages: 2,62 4,66 8,32
round=2 block=txn arm=B2 BEFORE 11:58  up 17 days, 16:22, 3 users, load averages: 2,62 4,66 8,32
round=2 block=txn arm=B2 AFTER  11:58  up 17 days, 16:22, 3 users, load averages: 2,65 4,63 8,29
round=2 block=txn arm=A BEFORE 11:58  up 17 days, 16:22, 3 users, load averages: 2,65 4,63 8,29
round=2 block=txn arm=A AFTER  11:58  up 17 days, 16:22, 3 users, load averages: 2,83 4,64 8,27
round=2 block=search arm=B BEFORE 11:58  up 17 days, 16:22, 3 users, load averages: 2,83 4,64 8,27
round=2 block=search arm=B AFTER  11:59  up 17 days, 16:23, 3 users, load averages: 4,97 4,98 8,13
round=2 block=search arm=B2 BEFORE 11:59  up 17 days, 16:23, 3 users, load averages: 4,97 4,98 8,13
round=2 block=search arm=B2 AFTER  12:00  up 17 days, 16:24, 3 users, load averages: 5,51 5,15 7,94
round=2 block=search arm=A BEFORE 12:00  up 17 days, 16:24, 3 users, load averages: 5,51 5,15 7,94
round=2 block=search arm=A AFTER  12:02  up 17 days, 16:25, 3 users, load averages: 4,62 5,09 7,71
round=2 block=centrality arm=B BEFORE 12:02  up 17 days, 16:25, 3 users, load averages: 4,62 5,09 7,71
round=2 block=centrality arm=B AFTER  12:02  up 17 days, 16:25, 3 users, load averages: 4,62 5,09 7,71
round=2 block=centrality arm=B2 BEFORE 12:02  up 17 days, 16:25, 3 users, load averages: 4,62 5,09 7,71
round=2 block=centrality arm=B2 AFTER  12:02  up 17 days, 16:25, 3 users, load averages: 4,62 5,09 7,71
round=2 block=centrality arm=A BEFORE 12:02  up 17 days, 16:25, 3 users, load averages: 4,62 5,09 7,71
round=2 block=centrality arm=A AFTER  12:02  up 17 days, 16:25, 3 users, load averages: 4,49 5,05 7,68
round=2 block=Lreadtx arm=B BEFORE 12:02  up 17 days, 16:25, 3 users, load averages: 4,49 5,05 7,68
round=2 block=Lreadtx arm=B AFTER  12:02  up 17 days, 16:25, 3 users, load averages: 15,12 7,40 8,47
round=2 block=Lreadtx arm=B2 BEFORE 12:02  up 17 days, 16:25, 3 users, load averages: 15,12 7,40 8,47
round=2 block=Lreadtx arm=B2 AFTER  12:02  up 17 days, 16:26, 3 users, load averages: 18,75 8,46 8,83
round=2 block=Lreadtx arm=A BEFORE 12:02  up 17 days, 16:26, 3 users, load averages: 18,75 8,46 8,83
round=2 block=Lreadtx arm=A AFTER  12:02  up 17 days, 16:26, 3 users, load averages: 35,95 12,63 10,30
round=2 block=Lcypar arm=B BEFORE 12:02  up 17 days, 16:26, 3 users, load averages: 35,95 12,63 10,30
round=2 block=Lcypar arm=B AFTER  12:03  up 17 days, 16:27, 3 users, load averages: 26,29 14,03 10,97
round=2 block=Lcypar arm=B2 BEFORE 12:03  up 17 days, 16:27, 3 users, load averages: 26,29 14,03 10,97
round=2 block=Lcypar arm=B2 AFTER  12:04  up 17 days, 16:28, 3 users, load averages: 22,31 15,33 11,67
round=2 block=Lcypar arm=A BEFORE 12:04  up 17 days, 16:28, 3 users, load averages: 22,31 15,33 11,67
round=2 block=Lcypar arm=A AFTER  12:05  up 17 days, 16:29, 3 users, load averages: 16,68 15,22 11,90
round=2 block=Llpg arm=B BEFORE 12:05  up 17 days, 16:29, 3 users, load averages: 16,68 15,22 11,90
round=2 block=Llpg arm=B AFTER  12:06  up 17 days, 16:29, 3 users, load averages: 37,90 19,97 13,64
round=2 block=Llpg arm=B2 BEFORE 12:06  up 17 days, 16:29, 3 users, load averages: 37,90 19,97 13,64
round=2 block=Llpg arm=B2 AFTER  12:06  up 17 days, 16:29, 3 users, load averages: 57,51 24,94 15,52
round=2 block=Llpg arm=A BEFORE 12:06  up 17 days, 16:29, 3 users, load averages: 57,51 24,94 15,52
round=2 block=Llpg arm=A AFTER  12:06  up 17 days, 16:30, 3 users, load averages: 72,56 29,35 17,19
round=2 block=Lmvcc arm=B BEFORE 12:06  up 17 days, 16:30, 3 users, load averages: 72,56 29,35 17,19
round=2 block=Lmvcc arm=B AFTER  12:06  up 17 days, 16:30, 3 users, load averages: 75,69 33,49 19,04
round=2 block=Lmvcc arm=B2 BEFORE 12:06  up 17 days, 16:30, 3 users, load averages: 75,69 33,49 19,04
round=2 block=Lmvcc arm=B2 AFTER  12:07  up 17 days, 16:30, 3 users, load averages: 98,86 41,67 22,36
round=2 block=Lmvcc arm=A BEFORE 12:07  up 17 days, 16:30, 3 users, load averages: 98,86 41,67 22,36
round=2 block=Lmvcc arm=A AFTER  12:07  up 17 days, 16:31, 3 users, load averages: 98,08 45,52 24,28
round=2 block=Lprom arm=B BEFORE 12:07  up 17 days, 16:31, 3 users, load averages: 98,08 45,52 24,28
round=2 block=Lprom arm=B AFTER  12:07  up 17 days, 16:31, 3 users, load averages: 91,66 45,07 24,24
round=2 block=Lprom arm=B2 BEFORE 12:07  up 17 days, 16:31, 3 users, load averages: 91,66 45,07 24,24
round=2 block=Lprom arm=B2 AFTER  12:08  up 17 days, 16:31, 3 users, load averages: 91,40 46,45 24,97
round=2 block=Lprom arm=A BEFORE 12:08  up 17 days, 16:31, 3 users, load averages: 91,40 46,45 24,97
round=2 block=Lprom arm=A AFTER  12:08  up 17 days, 16:31, 3 users, load averages: 102,60 50,17 26,53
round=2 block=Lmapper arm=B BEFORE 12:08  up 17 days, 16:31, 3 users, load averages: 102,60 50,17 26,53
round=2 block=Lmapper arm=B AFTER  12:08  up 17 days, 16:31, 3 users, load averages: 100,55 50,61 26,83
round=2 block=Lmapper arm=B2 BEFORE 12:08  up 17 days, 16:31, 3 users, load averages: 100,55 50,61 26,83
round=2 block=Lmapper arm=B2 AFTER  12:08  up 17 days, 16:31, 3 users, load averages: 132,52 58,79 29,99
round=2 block=Lmapper arm=A BEFORE 12:08  up 17 days, 16:31, 3 users, load averages: 132,52 58,79 29,99
round=2 block=Lmapper arm=A AFTER  12:08  up 17 days, 16:32, 3 users, load averages: 125,19 58,49 30,05
round=2 block=Ltxn arm=B BEFORE 12:08  up 17 days, 16:32, 3 users, load averages: 125,19 58,49 30,05
round=2 block=Ltxn arm=B AFTER  12:08  up 17 days, 16:32, 3 users, load averages: 115,41 57,57 29,89
round=2 block=Ltxn arm=B2 BEFORE 12:08  up 17 days, 16:32, 3 users, load averages: 115,41 57,57 29,89
round=2 block=Ltxn arm=B2 AFTER  12:08  up 17 days, 16:32, 3 users, load averages: 97,82 55,71 29,56
round=2 block=Ltxn arm=A BEFORE 12:08  up 17 days, 16:32, 3 users, load averages: 97,82 55,71 29,56
round=2 block=Ltxn arm=A AFTER  12:08  up 17 days, 16:32, 3 users, load averages: 90,07 54,80 29,39
round=2 block=Lbolt arm=B BEFORE 12:08  up 17 days, 16:32, 3 users, load averages: 90,07 54,80 29,39
round=2 block=Lbolt arm=B AFTER  12:09  up 17 days, 16:32, 3 users, load averages: 92,18 56,71 30,50
round=2 block=Lbolt arm=B2 BEFORE 12:09  up 17 days, 16:32, 3 users, load averages: 92,18 56,71 30,50
round=2 block=Lbolt arm=B2 AFTER  12:09  up 17 days, 16:32, 3 users, load averages: 93,90 58,54 31,59
round=2 block=Lbolt arm=A BEFORE 12:09  up 17 days, 16:32, 3 users, load averages: 93,90 58,54 31,59
round=2 block=Lbolt arm=A AFTER  12:09  up 17 days, 16:33, 3 users, load averages: 94,90 60,21 32,64
round=3 block=exec arm=B2 BEFORE 12:14  up 17 days, 16:37, 3 users, load averages: 2,20 24,40 23,86
round=3 block=exec arm=B2 AFTER  12:15  up 17 days, 16:39, 3 users, load averages: 2,97 18,57 21,65
round=3 block=exec arm=A BEFORE 12:15  up 17 days, 16:39, 3 users, load averages: 2,97 18,57 21,65
round=3 block=exec arm=A AFTER  12:17  up 17 days, 16:41, 3 users, load averages: 2,59 13,92 19,49
round=3 block=exec arm=B BEFORE 12:17  up 17 days, 16:41, 3 users, load averages: 2,59 13,92 19,49
round=3 block=exec arm=B AFTER  12:19  up 17 days, 16:42, 3 users, load averages: 3,15 11,07 17,80
round=3 block=cy arm=B2 BEFORE 12:19  up 17 days, 16:42, 3 users, load averages: 3,15 11,07 17,80
round=3 block=cy arm=B2 AFTER  12:21  up 17 days, 16:45, 3 users, load averages: 3,81 7,92 15,25
round=3 block=cy arm=A BEFORE 12:21  up 17 days, 16:45, 3 users, load averages: 3,81 7,92 15,25
round=3 block=cy arm=A AFTER  12:24  up 17 days, 16:48, 3 users, load averages: 4,04 6,18 13,22
round=3 block=cy arm=B BEFORE 12:24  up 17 days, 16:48, 3 users, load averages: 4,04 6,18 13,22
round=3 block=cy arm=B AFTER  12:27  up 17 days, 16:51, 3 users, load averages: 4,75 5,37 11,61
round=3 block=wal arm=B2 BEFORE 12:27  up 17 days, 16:51, 3 users, load averages: 4,75 5,37 11,61
round=3 block=wal arm=B2 AFTER  12:28  up 17 days, 16:51, 3 users, load averages: 3,47 4,96 11,18
round=3 block=wal arm=A BEFORE 12:28  up 17 days, 16:51, 3 users, load averages: 3,47 4,96 11,18
round=3 block=wal arm=A AFTER  12:28  up 17 days, 16:52, 3 users, load averages: 3,69 4,80 10,83
round=3 block=wal arm=B BEFORE 12:28  up 17 days, 16:52, 3 users, load averages: 3,69 4,80 10,83
round=3 block=wal arm=B AFTER  12:29  up 17 days, 16:53, 3 users, load averages: 3,23 4,50 10,41
round=3 block=txn arm=B2 BEFORE 12:29  up 17 days, 16:53, 3 users, load averages: 3,23 4,50 10,41
round=3 block=txn arm=B2 AFTER  12:29  up 17 days, 16:53, 3 users, load averages: 3,23 4,50 10,41
round=3 block=txn arm=A BEFORE 12:29  up 17 days, 16:53, 3 users, load averages: 3,23 4,50 10,41
round=3 block=txn arm=A AFTER  12:29  up 17 days, 16:53, 3 users, load averages: 3,22 4,48 10,36
round=3 block=txn arm=B BEFORE 12:29  up 17 days, 16:53, 3 users, load averages: 3,22 4,48 10,36
round=3 block=txn arm=B AFTER  12:29  up 17 days, 16:53, 3 users, load averages: 3,20 4,45 10,32
round=3 block=search arm=B2 BEFORE 12:29  up 17 days, 16:53, 3 users, load averages: 3,20 4,45 10,32
round=3 block=search arm=B2 AFTER  12:30  up 17 days, 16:54, 3 users, load averages: 7,30 5,36 10,22
round=3 block=search arm=A BEFORE 12:30  up 17 days, 16:54, 3 users, load averages: 7,30 5,36 10,22
round=3 block=search arm=A AFTER  12:31  up 17 days, 16:55, 3 users, load averages: 5,16 5,10 9,74
round=3 block=search arm=B BEFORE 12:31  up 17 days, 16:55, 3 users, load averages: 5,16 5,10 9,74
round=3 block=search arm=B AFTER  12:33  up 17 days, 16:56, 3 users, load averages: 4,64 5,03 9,35
round=3 block=centrality arm=B2 BEFORE 12:33  up 17 days, 16:56, 3 users, load averages: 4,64 5,03 9,35
round=3 block=centrality arm=B2 AFTER  12:33  up 17 days, 16:56, 3 users, load averages: 4,64 5,03 9,35
round=3 block=centrality arm=A BEFORE 12:33  up 17 days, 16:56, 3 users, load averages: 4,64 5,03 9,35
round=3 block=centrality arm=A AFTER  12:33  up 17 days, 16:56, 3 users, load averages: 4,64 5,03 9,35
round=3 block=centrality arm=B BEFORE 12:33  up 17 days, 16:56, 3 users, load averages: 4,64 5,03 9,35
round=3 block=centrality arm=B AFTER  12:33  up 17 days, 16:56, 3 users, load averages: 4,51 5,00 9,31
round=3 block=Lreadtx arm=B2 BEFORE 12:33  up 17 days, 16:56, 3 users, load averages: 4,51 5,00 9,31
round=3 block=Lreadtx arm=B2 AFTER  12:33  up 17 days, 16:56, 3 users, load averages: 26,17 9,57 10,85
round=3 block=Lreadtx arm=A BEFORE 12:33  up 17 days, 16:56, 3 users, load averages: 26,17 9,57 10,85
round=3 block=Lreadtx arm=A AFTER  12:33  up 17 days, 16:57, 3 users, load averages: 24,69 10,07 11,01
round=3 block=Lreadtx arm=B BEFORE 12:33  up 17 days, 16:57, 3 users, load averages: 24,69 10,07 11,01
round=3 block=Lreadtx arm=B AFTER  12:33  up 17 days, 16:57, 3 users, load averages: 24,81 10,97 11,31
round=3 block=Lcypar arm=B2 BEFORE 12:33  up 17 days, 16:57, 3 users, load averages: 24,81 10,97 11,31
round=3 block=Lcypar arm=B2 AFTER  12:34  up 17 days, 16:58, 3 users, load averages: 17,54 11,29 11,41
round=3 block=Lcypar arm=A BEFORE 12:34  up 17 days, 16:58, 3 users, load averages: 17,54 11,29 11,41
round=3 block=Lcypar arm=A AFTER  12:35  up 17 days, 16:59, 3 users, load averages: 15,56 12,08 11,70
round=3 block=Lcypar arm=B BEFORE 12:35  up 17 days, 16:59, 3 users, load averages: 15,56 12,08 11,70
round=3 block=Lcypar arm=B AFTER  12:36  up 17 days, 17 hrs, 3 users, load averages: 19,25 13,57 12,27
round=3 block=Llpg arm=B2 BEFORE 12:36  up 17 days, 17 hrs, 3 users, load averages: 19,25 13,57 12,27
round=3 block=Llpg arm=B2 AFTER  12:37  up 17 days, 17 hrs, 3 users, load averages: 16,80 13,30 12,20
round=3 block=Llpg arm=A BEFORE 12:37  up 17 days, 17 hrs, 3 users, load averages: 16,80 13,30 12,20
round=3 block=Llpg arm=A AFTER  12:37  up 17 days, 17 hrs, 3 users, load averages: 20,16 14,17 12,52
round=3 block=Llpg arm=B BEFORE 12:37  up 17 days, 17 hrs, 3 users, load averages: 20,16 14,17 12,52
round=3 block=Llpg arm=B AFTER  12:37  up 17 days, 17:01, 3 users, load averages: 37,52 18,28 14,02
round=3 block=Lmvcc arm=B2 BEFORE 12:37  up 17 days, 17:01, 3 users, load averages: 37,52 18,28 14,02
round=3 block=Lmvcc arm=B2 AFTER  12:38  up 17 days, 17:01, 3 users, load averages: 43,79 21,14 15,16
round=3 block=Lmvcc arm=A BEFORE 12:38  up 17 days, 17:01, 3 users, load averages: 43,79 21,14 15,16
round=3 block=Lmvcc arm=A AFTER  12:38  up 17 days, 17:02, 3 users, load averages: 51,71 24,67 16,60
round=3 block=Lmvcc arm=B BEFORE 12:38  up 17 days, 17:02, 3 users, load averages: 51,71 24,67 16,60
round=3 block=Lmvcc arm=B AFTER  12:38  up 17 days, 17:02, 3 users, load averages: 72,60 31,44 19,25
round=3 block=Lprom arm=B2 BEFORE 12:38  up 17 days, 17:02, 3 users, load averages: 72,60 31,44 19,25
round=3 block=Lprom arm=B2 AFTER  12:38  up 17 days, 17:02, 3 users, load averages: 96,78 37,74 21,61
round=3 block=Lprom arm=A BEFORE 12:38  up 17 days, 17:02, 3 users, load averages: 96,78 37,74 21,61
round=3 block=Lprom arm=A AFTER  12:39  up 17 days, 17:02, 3 users, load averages: 95,43 38,44 21,95
round=3 block=Lprom arm=B BEFORE 12:39  up 17 days, 17:02, 3 users, load averages: 95,43 38,44 21,95
round=3 block=Lprom arm=B AFTER  12:39  up 17 days, 17:02, 3 users, load averages: 82,34 37,50 21,81
round=3 block=Lmapper arm=B2 BEFORE 12:39  up 17 days, 17:02, 3 users, load averages: 82,34 37,50 21,81
round=3 block=Lmapper arm=B2 AFTER  12:39  up 17 days, 17:02, 3 users, load averages: 79,11 37,58 21,93
round=3 block=Lmapper arm=A BEFORE 12:39  up 17 days, 17:02, 3 users, load averages: 79,11 37,58 21,93
round=3 block=Lmapper arm=A AFTER  12:39  up 17 days, 17:03, 3 users, load averages: 69,66 36,90 21,87
round=3 block=Lmapper arm=B BEFORE 12:39  up 17 days, 17:03, 3 users, load averages: 69,66 36,90 21,87
round=3 block=Lmapper arm=B AFTER  12:39  up 17 days, 17:03, 3 users, load averages: 70,25 37,57 22,20
round=3 block=Ltxn arm=B2 BEFORE 12:39  up 17 days, 17:03, 3 users, load averages: 70,25 37,57 22,20
round=3 block=Ltxn arm=B2 AFTER  12:39  up 17 days, 17:03, 3 users, load averages: 59,68 36,38 21,95
round=3 block=Ltxn arm=A BEFORE 12:39  up 17 days, 17:03, 3 users, load averages: 59,68 36,38 21,95
round=3 block=Ltxn arm=A AFTER  12:39  up 17 days, 17:03, 3 users, load averages: 55,06 35,81 21,84
round=3 block=Ltxn arm=B BEFORE 12:39  up 17 days, 17:03, 3 users, load averages: 55,06 35,81 21,84
round=3 block=Ltxn arm=B AFTER  12:39  up 17 days, 17:03, 3 users, load averages: 50,81 35,25 21,72
round=3 block=Lbolt arm=B2 BEFORE 12:39  up 17 days, 17:03, 3 users, load averages: 50,81 35,25 21,72
round=3 block=Lbolt arm=B2 AFTER  12:40  up 17 days, 17:03, 3 users, load averages: 61,94 38,18 22,98
round=3 block=Lbolt arm=A BEFORE 12:40  up 17 days, 17:03, 3 users, load averages: 61,94 38,18 22,98
round=3 block=Lbolt arm=A AFTER  12:40  up 17 days, 17:04, 3 users, load averages: 55,85 37,93 23,16
round=3 block=Lbolt arm=B BEFORE 12:40  up 17 days, 17:04, 3 users, load averages: 55,85 37,93 23,16
round=3 block=Lbolt arm=B AFTER  12:40  up 17 days, 17:04, 3 users, load averages: 50,03 37,44 23,24
round=4 block=exec arm=A BEFORE 12:45  up 17 days, 17:08, 3 users, load averages: 2,36 16,53 17,48
round=4 block=exec arm=A AFTER  12:46  up 17 days, 17:10, 3 users, load averages: 2,89 12,64 15,85
round=4 block=exec arm=B BEFORE 12:46  up 17 days, 17:10, 3 users, load averages: 2,89 12,64 15,85
round=4 block=exec arm=B AFTER  12:48  up 17 days, 17:11, 3 users, load averages: 2,67 9,80 14,39
round=4 block=exec arm=B2 BEFORE 12:48  up 17 days, 17:11, 3 users, load averages: 2,67 9,80 14,39
round=4 block=exec arm=B2 AFTER  12:49  up 17 days, 17:13, 3 users, load averages: 2,70 7,91 13,17
round=4 block=cy arm=A BEFORE 12:49  up 17 days, 17:13, 3 users, load averages: 2,70 7,91 13,17
round=4 block=cy arm=A AFTER  12:52  up 17 days, 17:16, 3 users, load averages: 2,95 5,88 11,38
round=4 block=cy arm=B BEFORE 12:52  up 17 days, 17:16, 3 users, load averages: 2,95 5,88 11,38
round=4 block=cy arm=B AFTER  12:55  up 17 days, 17:19, 3 users, load averages: 5,59 5,37 10,16
round=4 block=cy arm=B2 BEFORE 12:55  up 17 days, 17:19, 3 users, load averages: 5,59 5,37 10,16
round=4 block=cy arm=B2 AFTER  12:58  up 17 days, 17:21, 3 users, load averages: 4,89 5,17 9,19
round=4 block=wal arm=A BEFORE 12:58  up 17 days, 17:21, 3 users, load averages: 4,89 5,17 9,19
round=4 block=wal arm=A AFTER  12:59  up 17 days, 17:22, 3 users, load averages: 3,72 4,84 8,88
round=4 block=wal arm=B BEFORE 12:59  up 17 days, 17:22, 3 users, load averages: 3,72 4,84 8,88
round=4 block=wal arm=B AFTER  12:59  up 17 days, 17:23, 3 users, load averages: 2,79 4,46 8,56
round=4 block=wal arm=B2 BEFORE 12:59  up 17 days, 17:23, 3 users, load averages: 2,79 4,46 8,56
round=4 block=wal arm=B2 AFTER  13:00  up 17 days, 17:23, 3 users, load averages: 2,93 4,27 8,30
round=4 block=txn arm=A BEFORE 13:00  up 17 days, 17:23, 3 users, load averages: 2,93 4,27 8,30
round=4 block=txn arm=A AFTER  13:00  up 17 days, 17:23, 3 users, load averages: 2,93 4,24 8,27
round=4 block=txn arm=B BEFORE 13:00  up 17 days, 17:23, 3 users, load averages: 2,93 4,24 8,27
round=4 block=txn arm=B AFTER  13:00  up 17 days, 17:24, 3 users, load averages: 2,93 4,24 8,27
round=4 block=txn arm=B2 BEFORE 13:00  up 17 days, 17:24, 3 users, load averages: 2,93 4,24 8,27
round=4 block=txn arm=B2 AFTER  13:00  up 17 days, 17:24, 3 users, load averages: 2,86 4,21 8,23
round=4 block=search arm=A BEFORE 13:00  up 17 days, 17:24, 3 users, load averages: 2,86 4,21 8,23
round=4 block=search arm=A AFTER  13:01  up 17 days, 17:25, 3 users, load averages: 5,63 4,80 8,13
round=4 block=search arm=B BEFORE 13:01  up 17 days, 17:25, 3 users, load averages: 5,63 4,80 8,13
round=4 block=search arm=B AFTER  13:02  up 17 days, 17:26, 3 users, load averages: 4,77 4,70 7,85
round=4 block=search arm=B2 BEFORE 13:02  up 17 days, 17:26, 3 users, load averages: 4,77 4,70 7,85
round=4 block=search arm=B2 AFTER  13:03  up 17 days, 17:27, 3 users, load averages: 4,54 4,68 7,59
round=4 block=centrality arm=A BEFORE 13:03  up 17 days, 17:27, 3 users, load averages: 4,54 4,68 7,59
round=4 block=centrality arm=A AFTER  13:03  up 17 days, 17:27, 3 users, load averages: 4,54 4,68 7,59
round=4 block=centrality arm=B BEFORE 13:03  up 17 days, 17:27, 3 users, load averages: 4,54 4,68 7,59
round=4 block=centrality arm=B AFTER  13:04  up 17 days, 17:27, 3 users, load averages: 4,33 4,63 7,56
round=4 block=centrality arm=B2 BEFORE 13:04  up 17 days, 17:27, 3 users, load averages: 4,33 4,63 7,56
round=4 block=centrality arm=B2 AFTER  13:04  up 17 days, 17:27, 3 users, load averages: 4,33 4,63 7,56
round=4 block=Lreadtx arm=A BEFORE 13:04  up 17 days, 17:27, 3 users, load averages: 4,33 4,63 7,56
round=4 block=Lreadtx arm=A AFTER  13:04  up 17 days, 17:27, 3 users, load averages: 37,68 11,88 10,09
round=4 block=Lreadtx arm=B BEFORE 13:04  up 17 days, 17:27, 3 users, load averages: 37,68 11,88 10,09
round=4 block=Lreadtx arm=B AFTER  13:04  up 17 days, 17:28, 3 users, load averages: 32,92 12,07 10,18
round=4 block=Lreadtx arm=B2 BEFORE 13:04  up 17 days, 17:28, 3 users, load averages: 32,92 12,07 10,18
round=4 block=Lreadtx arm=B2 AFTER  13:04  up 17 days, 17:28, 3 users, load averages: 33,60 13,41 10,70
round=4 block=Lcypar arm=A BEFORE 13:04  up 17 days, 17:28, 3 users, load averages: 33,60 13,41 10,70
round=4 block=Lcypar arm=A AFTER  13:05  up 17 days, 17:29, 3 users, load averages: 25,88 14,80 11,39
round=4 block=Lcypar arm=B BEFORE 13:05  up 17 days, 17:29, 3 users, load averages: 25,88 14,80 11,39
round=4 block=Lcypar arm=B AFTER  13:06  up 17 days, 17:30, 3 users, load averages: 21,49 15,55 11,90
round=4 block=Lcypar arm=B2 BEFORE 13:06  up 17 days, 17:30, 3 users, load averages: 21,49 15,55 11,90
round=4 block=Lcypar arm=B2 AFTER  13:07  up 17 days, 17:31, 3 users, load averages: 31,45 20,41 14,00
round=4 block=Llpg arm=A BEFORE 13:07  up 17 days, 17:31, 3 users, load averages: 31,45 20,41 14,00
round=4 block=Llpg arm=A AFTER  13:08  up 17 days, 17:31, 3 users, load averages: 48,54 24,69 15,64
round=4 block=Llpg arm=B BEFORE 13:08  up 17 days, 17:31, 3 users, load averages: 48,54 24,69 15,64
round=4 block=Llpg arm=B AFTER  13:08  up 17 days, 17:31, 3 users, load averages: 40,93 24,16 15,60
round=4 block=Llpg arm=B2 BEFORE 13:08  up 17 days, 17:31, 3 users, load averages: 40,93 24,16 15,60
round=4 block=Llpg arm=B2 AFTER  13:08  up 17 days, 17:32, 3 users, load averages: 37,64 24,20 15,76
round=4 block=Lmvcc arm=A BEFORE 13:08  up 17 days, 17:32, 3 users, load averages: 37,64 24,20 15,76
round=4 block=Lmvcc arm=A AFTER  13:08  up 17 days, 17:32, 3 users, load averages: 77,05 33,19 19,18
round=4 block=Lmvcc arm=B BEFORE 13:08  up 17 days, 17:32, 3 users, load averages: 77,05 33,19 19,18
round=4 block=Lmvcc arm=B AFTER  13:09  up 17 days, 17:32, 3 users, load averages: 57,46 31,56 18,91
round=4 block=Lmvcc arm=B2 BEFORE 13:09  up 17 days, 17:32, 3 users, load averages: 57,46 31,56 18,91
round=4 block=Lmvcc arm=B2 AFTER  13:09  up 17 days, 17:33, 3 users, load averages: 41,17 29,81 18,65
round=4 block=Lprom arm=A BEFORE 13:09  up 17 days, 17:33, 3 users, load averages: 41,17 29,81 18,65
round=4 block=Lprom arm=A AFTER  13:09  up 17 days, 17:33, 3 users, load averages: 52,34 32,46 19,71
round=4 block=Lprom arm=B BEFORE 13:09  up 17 days, 17:33, 3 users, load averages: 52,34 32,46 19,71
round=4 block=Lprom arm=B AFTER  13:09  up 17 days, 17:33, 3 users, load averages: 102,94 43,56 23,78
round=4 block=Lprom arm=B2 BEFORE 13:09  up 17 days, 17:33, 3 users, load averages: 102,94 43,56 23,78
round=4 block=Lprom arm=B2 AFTER  13:10  up 17 days, 17:33, 3 users, load averages: 100,46 44,03 24,06
round=4 block=Lmapper arm=A BEFORE 13:10  up 17 days, 17:33, 3 users, load averages: 100,46 44,03 24,06
round=4 block=Lmapper arm=A AFTER  13:10  up 17 days, 17:33, 3 users, load averages: 136,74 53,32 27,57
round=4 block=Lmapper arm=B BEFORE 13:10  up 17 days, 17:33, 3 users, load averages: 136,74 53,32 27,57
round=4 block=Lmapper arm=B AFTER  13:10  up 17 days, 17:33, 3 users, load averages: 135,96 54,54 28,15
round=4 block=Lmapper arm=B2 BEFORE 13:10  up 17 days, 17:33, 3 users, load averages: 135,96 54,54 28,15
round=4 block=Lmapper arm=B2 AFTER  13:10  up 17 days, 17:34, 3 users, load averages: 125,79 53,79 28,04
round=4 block=Ltxn arm=A BEFORE 13:10  up 17 days, 17:34, 3 users, load averages: 125,79 53,79 28,04
round=4 block=Ltxn arm=A AFTER  13:10  up 17 days, 17:34, 3 users, load averages: 106,84 52,10 27,74
round=4 block=Ltxn arm=B BEFORE 13:10  up 17 days, 17:34, 3 users, load averages: 106,84 52,10 27,74
round=4 block=Ltxn arm=B AFTER  13:10  up 17 days, 17:34, 3 users, load averages: 98,44 51,27 27,59
round=4 block=Ltxn arm=B2 BEFORE 13:10  up 17 days, 17:34, 3 users, load averages: 98,44 51,27 27,59
round=4 block=Ltxn arm=B2 AFTER  13:10  up 17 days, 17:34, 3 users, load averages: 90,64 50,43 27,43
round=4 block=Lbolt arm=A BEFORE 13:10  up 17 days, 17:34, 3 users, load averages: 90,64 50,43 27,43
round=4 block=Lbolt arm=A AFTER  13:11  up 17 days, 17:34, 3 users, load averages: 96,73 53,41 28,88
round=4 block=Lbolt arm=B BEFORE 13:11  up 17 days, 17:34, 3 users, load averages: 96,73 53,41 28,88
round=4 block=Lbolt arm=B AFTER  13:11  up 17 days, 17:34, 3 users, load averages: 98,69 55,70 30,11
round=4 block=Lbolt arm=B2 BEFORE 13:11  up 17 days, 17:34, 3 users, load averages: 98,69 55,70 30,11
round=4 block=Lbolt arm=B2 AFTER  13:11  up 17 days, 17:35, 3 users, load averages: 100,13 57,84 31,30
round=5 block=exec arm=B BEFORE 13:16  up 17 days, 17:40, 3 users, load averages: 2,28 21,17 22,15
round=5 block=exec arm=B AFTER  13:18  up 17 days, 17:42, 3 users, load averages: 3,38 16,27 20,13
round=5 block=exec arm=B2 BEFORE 13:18  up 17 days, 17:42, 3 users, load averages: 3,38 16,27 20,13
round=5 block=exec arm=B2 AFTER  13:20  up 17 days, 17:43, 3 users, load averages: 3,93 12,86 18,40
round=5 block=exec arm=A BEFORE 13:20  up 17 days, 17:43, 3 users, load averages: 3,93 12,86 18,40
round=5 block=exec arm=A AFTER  13:21  up 17 days, 17:45, 3 users, load averages: 3,03 10,26 16,81
round=5 block=cy arm=B BEFORE 13:21  up 17 days, 17:45, 3 users, load averages: 3,03 10,26 16,81
round=5 block=cy arm=B AFTER  13:24  up 17 days, 17:48, 3 users, load averages: 4,58 7,95 14,69
round=5 block=cy arm=B2 BEFORE 13:24  up 17 days, 17:48, 3 users, load averages: 4,58 7,95 14,69
round=5 block=cy arm=B2 AFTER  13:27  up 17 days, 17:50, 3 users, load averages: 5,83 6,86 13,03
round=5 block=cy arm=A BEFORE 13:27  up 17 days, 17:50, 3 users, load averages: 5,83 6,86 13,03
round=5 block=cy arm=A AFTER  13:29  up 17 days, 17:53, 3 users, load averages: 4,59 5,78 11,47
round=5 block=wal arm=B BEFORE 13:29  up 17 days, 17:53, 3 users, load averages: 4,59 5,78 11,47
round=5 block=wal arm=B AFTER  13:30  up 17 days, 17:54, 3 users, load averages: 3,65 5,36 11,02
round=5 block=wal arm=B2 BEFORE 13:30  up 17 days, 17:54, 3 users, load averages: 3,65 5,36 11,02
round=5 block=wal arm=B2 AFTER  13:31  up 17 days, 17:54, 3 users, load averages: 3,46 5,09 10,66
round=5 block=wal arm=A BEFORE 13:31  up 17 days, 17:54, 3 users, load averages: 3,46 5,09 10,66
round=5 block=wal arm=A AFTER  13:32  up 17 days, 17:55, 3 users, load averages: 3,24 4,82 10,30
round=5 block=txn arm=B BEFORE 13:32  up 17 days, 17:55, 3 users, load averages: 3,24 4,82 10,30
round=5 block=txn arm=B AFTER  13:32  up 17 days, 17:55, 3 users, load averages: 2,98 4,74 10,24
round=5 block=txn arm=B2 BEFORE 13:32  up 17 days, 17:55, 3 users, load averages: 2,98 4,74 10,24
round=5 block=txn arm=B2 AFTER  13:32  up 17 days, 17:55, 3 users, load averages: 2,98 4,74 10,24
round=5 block=txn arm=A BEFORE 13:32  up 17 days, 17:55, 3 users, load averages: 2,98 4,74 10,24
round=5 block=txn arm=A AFTER  13:32  up 17 days, 17:55, 3 users, load averages: 2,82 4,67 10,19
round=5 block=search arm=B BEFORE 13:32  up 17 days, 17:55, 3 users, load averages: 2,82 4,67 10,19
round=5 block=search arm=B AFTER  13:33  up 17 days, 17:56, 3 users, load averages: 6,17 5,43 10,04
round=5 block=search arm=B2 BEFORE 13:33  up 17 days, 17:56, 3 users, load averages: 6,17 5,43 10,04
round=5 block=search arm=B2 AFTER  13:34  up 17 days, 17:58, 3 users, load averages: 5,71 5,49 9,70
round=5 block=search arm=A BEFORE 13:34  up 17 days, 17:58, 3 users, load averages: 5,71 5,49 9,70
round=5 block=search arm=A AFTER  13:35  up 17 days, 17:59, 3 users, load averages: 6,38 5,70 9,47
round=5 block=centrality arm=B BEFORE 13:35  up 17 days, 17:59, 3 users, load averages: 6,38 5,70 9,47
round=5 block=centrality arm=B AFTER  13:35  up 17 days, 17:59, 3 users, load averages: 6,11 5,66 9,43
round=5 block=centrality arm=B2 BEFORE 13:35  up 17 days, 17:59, 3 users, load averages: 6,11 5,66 9,43
round=5 block=centrality arm=B2 AFTER  13:35  up 17 days, 17:59, 3 users, load averages: 6,11 5,66 9,43
round=5 block=centrality arm=A BEFORE 13:35  up 17 days, 17:59, 3 users, load averages: 6,11 5,66 9,43
round=5 block=centrality arm=A AFTER  13:35  up 17 days, 17:59, 3 users, load averages: 5,94 5,63 9,40
round=5 block=Lreadtx arm=B BEFORE 13:35  up 17 days, 17:59, 3 users, load averages: 5,94 5,63 9,40
round=5 block=Lreadtx arm=B AFTER  13:36  up 17 days, 17:59, 3 users, load averages: 10,65 6,65 9,69
round=5 block=Lreadtx arm=B2 BEFORE 13:36  up 17 days, 17:59, 3 users, load averages: 10,65 6,65 9,69
round=5 block=Lreadtx arm=B2 AFTER  13:36  up 17 days, 17:59, 3 users, load averages: 12,86 7,32 9,88
round=5 block=Lreadtx arm=A BEFORE 13:36  up 17 days, 17:59, 3 users, load averages: 12,86 7,32 9,88
round=5 block=Lreadtx arm=A AFTER  13:36  up 17 days, 18 hrs, 3 users, load averages: 36,21 12,45 11,64
round=5 block=Lcypar arm=B BEFORE 13:36  up 17 days, 18 hrs, 3 users, load averages: 36,21 12,45 11,64
round=5 block=Lcypar arm=B AFTER  13:37  up 17 days, 18:01, 3 users, load averages: 23,92 13,23 11,99
round=5 block=Lcypar arm=B2 BEFORE 13:37  up 17 days, 18:01, 3 users, load averages: 23,92 13,23 11,99
round=5 block=Lcypar arm=B2 AFTER  13:38  up 17 days, 18:02, 3 users, load averages: 19,83 13,74 12,25
round=5 block=Lcypar arm=A BEFORE 13:38  up 17 days, 18:02, 3 users, load averages: 19,83 13,74 12,25
round=5 block=Lcypar arm=A AFTER  13:39  up 17 days, 18:03, 3 users, load averages: 15,48 13,91 12,43
round=5 block=Llpg arm=B BEFORE 13:39  up 17 days, 18:03, 3 users, load averages: 15,48 13,91 12,43
round=5 block=Llpg arm=B AFTER  13:39  up 17 days, 18:03, 3 users, load averages: 37,16 18,72 14,16
round=5 block=Llpg arm=B2 BEFORE 13:39  up 17 days, 18:03, 3 users, load averages: 37,16 18,72 14,16
round=5 block=Llpg arm=B2 AFTER  13:40  up 17 days, 18:03, 3 users, load averages: 40,21 20,21 14,77
round=5 block=Llpg arm=A BEFORE 13:40  up 17 days, 18:03, 3 users, load averages: 40,21 20,21 14,77
round=5 block=Llpg arm=A AFTER  13:40  up 17 days, 18:03, 3 users, load averages: 68,13 27,34 17,41
round=5 block=Lmvcc arm=B BEFORE 13:40  up 17 days, 18:03, 3 users, load averages: 68,13 27,34 17,41
round=5 block=Lmvcc arm=B AFTER  13:40  up 17 days, 18:04, 3 users, load averages: 81,85 33,55 19,91
round=5 block=Lmvcc arm=B2 BEFORE 13:40  up 17 days, 18:04, 3 users, load averages: 81,85 33,55 19,91
round=5 block=Lmvcc arm=B2 AFTER  13:41  up 17 days, 18:04, 3 users, load averages: 86,91 38,30 22,00
round=5 block=Lmvcc arm=A BEFORE 13:41  up 17 days, 18:04, 3 users, load averages: 86,91 38,30 22,00
round=5 block=Lmvcc arm=A AFTER  13:41  up 17 days, 18:05, 3 users, load averages: 85,59 41,32 23,53
round=5 block=Lprom arm=B BEFORE 13:41  up 17 days, 18:05, 3 users, load averages: 85,59 41,32 23,53
round=5 block=Lprom arm=B AFTER  13:41  up 17 days, 18:05, 3 users, load averages: 127,87 51,47 27,31
round=5 block=Lprom arm=B2 BEFORE 13:41  up 17 days, 18:05, 3 users, load averages: 127,87 51,47 27,31
round=5 block=Lprom arm=B2 AFTER  13:41  up 17 days, 18:05, 3 users, load averages: 126,36 52,42 27,79
round=5 block=Lprom arm=A BEFORE 13:41  up 17 days, 18:05, 3 users, load averages: 126,36 52,42 27,79
round=5 block=Lprom arm=A AFTER  13:41  up 17 days, 18:05, 3 users, load averages: 127,60 54,99 28,98
round=5 block=Lmapper arm=B BEFORE 13:41  up 17 days, 18:05, 3 users, load averages: 127,60 54,99 28,98
round=5 block=Lmapper arm=B AFTER  13:42  up 17 days, 18:05, 3 users, load averages: 126,51 55,97 29,48
round=5 block=Lmapper arm=B2 BEFORE 13:42  up 17 days, 18:05, 3 users, load averages: 126,51 55,97 29,48
round=5 block=Lmapper arm=B2 AFTER  13:42  up 17 days, 18:05, 3 users, load averages: 161,89 65,50 33,15
round=5 block=Lmapper arm=A BEFORE 13:42  up 17 days, 18:05, 3 users, load averages: 161,89 65,50 33,15
round=5 block=Lmapper arm=A AFTER  13:42  up 17 days, 18:05, 3 users, load averages: 168,71 68,51 34,40
round=5 block=Ltxn arm=B BEFORE 13:42  up 17 days, 18:05, 3 users, load averages: 168,71 68,51 34,40
round=5 block=Ltxn arm=B AFTER  13:42  up 17 days, 18:05, 3 users, load averages: 155,36 67,41 34,21
round=5 block=Ltxn arm=B2 BEFORE 13:42  up 17 days, 18:05, 3 users, load averages: 155,36 67,41 34,21
round=5 block=Ltxn arm=B2 AFTER  13:42  up 17 days, 18:06, 3 users, load averages: 143,16 66,34 34,03
round=5 block=Ltxn arm=A BEFORE 13:42  up 17 days, 18:06, 3 users, load averages: 143,16 66,34 34,03
round=5 block=Ltxn arm=A AFTER  13:42  up 17 days, 18:06, 3 users, load averages: 131,85 65,27 33,84
round=5 block=Lbolt arm=B BEFORE 13:42  up 17 days, 18:06, 3 users, load averages: 131,85 65,27 33,84
round=5 block=Lbolt arm=B AFTER  13:42  up 17 days, 18:06, 3 users, load averages: 128,38 67,66 35,24
round=5 block=Lbolt arm=B2 BEFORE 13:42  up 17 days, 18:06, 3 users, load averages: 128,38 67,66 35,24
round=5 block=Lbolt arm=B2 AFTER  13:43  up 17 days, 18:06, 3 users, load averages: 129,92 71,28 37,25
round=5 block=Lbolt arm=A BEFORE 13:43  up 17 days, 18:06, 3 users, load averages: 129,92 71,28 37,25
round=5 block=Lbolt arm=A AFTER  13:43  up 17 days, 18:06, 3 users, load averages: 136,74 75,31 39,26
round=6 block=exec arm=B2 BEFORE 13:49  up 17 days, 18:12, 3 users, load averages: 2,23 25,35 26,91
round=6 block=exec arm=B2 AFTER  13:50  up 17 days, 18:14, 3 users, load averages: 2,69 19,23 24,37
round=6 block=exec arm=A BEFORE 13:50  up 17 days, 18:14, 3 users, load averages: 2,69 19,23 24,37
round=6 block=exec arm=A AFTER  13:52  up 17 days, 18:15, 3 users, load averages: 3,78 14,75 22,05
round=6 block=exec arm=B BEFORE 13:52  up 17 days, 18:15, 3 users, load averages: 3,78 14,75 22,05
round=6 block=exec arm=B AFTER  13:53  up 17 days, 18:17, 3 users, load averages: 3,21 11,63 20,07
round=6 block=cy arm=B2 BEFORE 13:53  up 17 days, 18:17, 3 users, load averages: 3,21 11,63 20,07
round=6 block=cy arm=B2 AFTER  13:56  up 17 days, 18:20, 3 users, load averages: 7,32 9,55 17,68
round=6 block=cy arm=A BEFORE 13:56  up 17 days, 18:20, 3 users, load averages: 7,32 9,55 17,68
round=6 block=cy arm=A AFTER  13:59  up 17 days, 18:22, 3 users, load averages: 5,02 7,37 15,31
round=6 block=cy arm=B BEFORE 13:59  up 17 days, 18:22, 3 users, load averages: 5,02 7,37 15,31
round=6 block=cy arm=B AFTER  14:02  up 17 days, 18:25, 3 users, load averages: 5,47 6,47 13,56
round=6 block=wal arm=B2 BEFORE 14:02  up 17 days, 18:25, 3 users, load averages: 5,47 6,47 13,56
round=6 block=wal arm=B2 AFTER  14:02  up 17 days, 18:26, 3 users, load averages: 4,48 6,09 13,09
round=6 block=wal arm=A BEFORE 14:02  up 17 days, 18:26, 3 users, load averages: 4,48 6,09 13,09
round=6 block=wal arm=A AFTER  14:03  up 17 days, 18:27, 3 users, load averages: 3,11 5,50 12,51
round=6 block=wal arm=B BEFORE 14:03  up 17 days, 18:27, 3 users, load averages: 3,11 5,50 12,51
round=6 block=wal arm=B AFTER  14:04  up 17 days, 18:27, 3 users, load averages: 3,81 5,37 12,14
round=6 block=txn arm=B2 BEFORE 14:04  up 17 days, 18:27, 3 users, load averages: 3,81 5,37 12,14
round=6 block=txn arm=B2 AFTER  14:04  up 17 days, 18:27, 3 users, load averages: 3,81 5,37 12,14
round=6 block=txn arm=A BEFORE 14:04  up 17 days, 18:27, 3 users, load averages: 3,81 5,37 12,14
round=6 block=txn arm=A AFTER  14:04  up 17 days, 18:27, 3 users, load averages: 3,66 5,31 12,08
round=6 block=txn arm=B BEFORE 14:04  up 17 days, 18:27, 3 users, load averages: 3,66 5,31 12,08
round=6 block=txn arm=B AFTER  14:04  up 17 days, 18:27, 3 users, load averages: 3,93 5,34 12,05
round=6 block=search arm=B2 BEFORE 14:04  up 17 days, 18:27, 3 users, load averages: 3,93 5,34 12,05
round=6 block=search arm=B2 AFTER  14:05  up 17 days, 18:28, 3 users, load averages: 5,98 5,72 11,71
round=6 block=search arm=A BEFORE 14:05  up 17 days, 18:28, 3 users, load averages: 5,98 5,72 11,71
round=6 block=search arm=A AFTER  14:06  up 17 days, 18:30, 3 users, load averages: 5,65 5,69 11,25
round=6 block=search arm=B BEFORE 14:06  up 17 days, 18:30, 3 users, load averages: 5,65 5,69 11,25
round=6 block=search arm=B AFTER  14:07  up 17 days, 18:31, 3 users, load averages: 6,97 6,07 10,95
round=6 block=centrality arm=B2 BEFORE 14:07  up 17 days, 18:31, 3 users, load averages: 6,97 6,07 10,95
round=6 block=centrality arm=B2 AFTER  14:07  up 17 days, 18:31, 3 users, load averages: 6,97 6,07 10,95
round=6 block=centrality arm=A BEFORE 14:07  up 17 days, 18:31, 3 users, load averages: 6,97 6,07 10,95
round=6 block=centrality arm=A AFTER  14:07  up 17 days, 18:31, 3 users, load averages: 6,58 6,01 10,90
round=6 block=centrality arm=B BEFORE 14:07  up 17 days, 18:31, 3 users, load averages: 6,58 6,01 10,90
round=6 block=centrality arm=B AFTER  14:07  up 17 days, 18:31, 3 users, load averages: 6,58 6,01 10,90
round=6 block=Lreadtx arm=B2 BEFORE 14:07  up 17 days, 18:31, 3 users, load averages: 6,58 6,01 10,90
round=6 block=Lreadtx arm=B2 AFTER  14:07  up 17 days, 18:31, 3 users, load averages: 10,90 6,95 11,15
round=6 block=Lreadtx arm=A BEFORE 14:07  up 17 days, 18:31, 3 users, load averages: 10,90 6,95 11,15
round=6 block=Lreadtx arm=A AFTER  14:08  up 17 days, 18:31, 3 users, load averages: 36,90 12,65 13,10
round=6 block=Lreadtx arm=B BEFORE 14:08  up 17 days, 18:31, 3 users, load averages: 36,90 12,65 13,10
round=6 block=Lreadtx arm=B AFTER  14:08  up 17 days, 18:32, 3 users, load averages: 35,08 13,46 13,38
round=6 block=Lcypar arm=B2 BEFORE 14:08  up 17 days, 18:32, 3 users, load averages: 35,08 13,46 13,38
round=6 block=Lcypar arm=B2 AFTER  14:09  up 17 days, 18:32, 3 users, load averages: 33,36 16,27 14,40
round=6 block=Lcypar arm=A BEFORE 14:09  up 17 days, 18:32, 3 users, load averages: 33,36 16,27 14,40
round=6 block=Lcypar arm=A AFTER  14:10  up 17 days, 18:33, 3 users, load averages: 24,27 17,00 14,81
round=6 block=Lcypar arm=B BEFORE 14:10  up 17 days, 18:33, 3 users, load averages: 24,27 17,00 14,81
round=6 block=Lcypar arm=B AFTER  14:11  up 17 days, 18:34, 3 users, load averages: 29,73 20,16 16,15
round=6 block=Llpg arm=B2 BEFORE 14:11  up 17 days, 18:34, 3 users, load averages: 29,73 20,16 16,15
round=6 block=Llpg arm=B2 AFTER  14:11  up 17 days, 18:35, 3 users, load averages: 31,21 20,88 16,46
round=6 block=Llpg arm=A BEFORE 14:11  up 17 days, 18:35, 3 users, load averages: 31,21 20,88 16,46
round=6 block=Llpg arm=A AFTER  14:11  up 17 days, 18:35, 3 users, load averages: 32,57 21,54 16,76
round=6 block=Llpg arm=B BEFORE 14:11  up 17 days, 18:35, 3 users, load averages: 32,57 21,54 16,76
round=6 block=Llpg arm=B AFTER  14:11  up 17 days, 18:35, 3 users, load averages: 49,16 25,78 18,35
round=6 block=Lmvcc arm=B2 BEFORE 14:11  up 17 days, 18:35, 3 users, load averages: 49,16 25,78 18,35
round=6 block=Lmvcc arm=B2 AFTER  14:12  up 17 days, 18:35, 3 users, load averages: 57,87 29,54 19,91
round=6 block=Lmvcc arm=A BEFORE 14:12  up 17 days, 18:35, 3 users, load averages: 57,87 29,54 19,91
round=6 block=Lmvcc arm=A AFTER  14:12  up 17 days, 18:36, 3 users, load averages: 92,94 39,34 23,68
round=6 block=Lmvcc arm=B BEFORE 14:12  up 17 days, 18:36, 3 users, load averages: 92,94 39,34 23,68
round=6 block=Lmvcc arm=B AFTER  14:13  up 17 days, 18:36, 3 users, load averages: 112,76 47,61 27,07
round=6 block=Lprom arm=B2 BEFORE 14:13  up 17 days, 18:36, 3 users, load averages: 112,76 47,61 27,07
round=6 block=Lprom arm=B2 AFTER  14:13  up 17 days, 18:36, 3 users, load averages: 104,38 46,96 26,96
round=6 block=Lprom arm=A BEFORE 14:13  up 17 days, 18:36, 3 users, load averages: 104,38 46,96 26,96
round=6 block=Lprom arm=A AFTER  14:13  up 17 days, 18:37, 3 users, load averages: 106,57 49,19 27,98
round=6 block=Lprom arm=B BEFORE 14:13  up 17 days, 18:37, 3 users, load averages: 106,57 49,19 27,98
round=6 block=Lprom arm=B AFTER  14:13  up 17 days, 18:37, 3 users, load averages: 98,76 48,53 27,87
round=6 block=Lmapper arm=B2 BEFORE 14:13  up 17 days, 18:37, 3 users, load averages: 98,76 48,53 27,87
round=6 block=Lmapper arm=B2 AFTER  14:13  up 17 days, 18:37, 3 users, load averages: 97,47 49,81 28,56
round=6 block=Lmapper arm=A BEFORE 14:13  up 17 days, 18:37, 3 users, load averages: 97,47 49,81 28,56
round=6 block=Lmapper arm=A AFTER  14:13  up 17 days, 18:37, 3 users, load averages: 90,39 49,14 28,45
round=6 block=Lmapper arm=B BEFORE 14:13  up 17 days, 18:37, 3 users, load averages: 90,39 49,14 28,45
round=6 block=Lmapper arm=B AFTER  14:13  up 17 days, 18:37, 3 users, load averages: 98,10 52,00 29,70
round=6 block=Ltxn arm=B2 BEFORE 14:13  up 17 days, 18:37, 3 users, load averages: 98,10 52,00 29,70
round=6 block=Ltxn arm=B2 AFTER  14:14  up 17 days, 18:37, 3 users, load averages: 90,32 51,15 29,53
round=6 block=Ltxn arm=A BEFORE 14:14  up 17 days, 18:37, 3 users, load averages: 90,32 51,15 29,53
round=6 block=Ltxn arm=A AFTER  14:14  up 17 days, 18:37, 3 users, load averages: 77,23 49,63 29,24
round=6 block=Ltxn arm=B BEFORE 14:14  up 17 days, 18:37, 3 users, load averages: 77,23 49,63 29,24
round=6 block=Ltxn arm=B AFTER  14:14  up 17 days, 18:37, 3 users, load averages: 71,12 48,83 29,08
round=6 block=Lbolt arm=B2 BEFORE 14:14  up 17 days, 18:37, 3 users, load averages: 71,12 48,83 29,08
round=6 block=Lbolt arm=B2 AFTER  14:14  up 17 days, 18:38, 3 users, load averages: 78,48 51,35 30,31
round=6 block=Lbolt arm=A BEFORE 14:14  up 17 days, 18:38, 3 users, load averages: 78,48 51,35 30,31
round=6 block=Lbolt arm=A AFTER  14:14  up 17 days, 18:38, 3 users, load averages: 72,63 51,31 30,66
round=6 block=Lbolt arm=B BEFORE 14:14  up 17 days, 18:38, 3 users, load averages: 72,63 51,31 30,66
round=6 block=Lbolt arm=B AFTER  14:15  up 17 days, 18:38, 3 users, load averages: 74,59 52,60 31,47
