START 2026-09-06T10:05:16Z rounds=6 gate=2.5 go=go version go1.27.1 darwin/arm64
ROUND 1 GATE_OPEN load1=2.36 waited=100s 2026-09-06T10:06:56Z
ROUND 1 START 2026-09-06T10:06:56Z order=[A B B2] load=[2.36 7.57 6.65]
ROUND 1 COMPLETE 2026-09-06T10:33:21Z load=[114.12 55.72 27.73]
ROUND 1 MIRRORED 2026-09-06T10:33:21Z
ROUND 2 GATE_OPEN load1=2.66 waited=600s 2026-09-06T10:43:22Z
ROUND 2 START 2026-09-06T10:43:22Z order=[B B2 A] load=[2.66 9.98 15.16]
ROUND 2 COMPLETE 2026-09-06T11:09:35Z load=[94.90 60.21 32.64]
ROUND 2 MIRRORED 2026-09-06T11:09:35Z
ROUND 3 GATE_OPEN load1=2.20 waited=280s 2026-09-06T11:14:15Z
ROUND 3 START 2026-09-06T11:14:15Z order=[B2 A B] load=[2.20 24.40 23.86]
ROUND 3 COMPLETE 2026-09-06T11:40:43Z load=[50.03 37.44 23.24]
ROUND 3 MIRRORED 2026-09-06T11:40:43Z
ROUND 4 GATE_OPEN load1=2.36 waited=260s 2026-09-06T11:45:03Z
ROUND 4 START 2026-09-06T11:45:03Z order=[A B B2] load=[2.36 16.53 17.48]
ROUND 4 COMPLETE 2026-09-06T12:11:32Z load=[100.13 57.84 31.30]
ROUND 4 MIRRORED 2026-09-06T12:11:32Z
ROUND 5 GATE_OPEN load1=2.28 waited=320s 2026-09-06T12:16:53Z
ROUND 5 START 2026-09-06T12:16:53Z order=[B B2 A] load=[2.28 21.17 22.15]
ROUND 5 COMPLETE 2026-09-06T12:43:21Z load=[136.74 75.31 39.26]
ROUND 5 MIRRORED 2026-09-06T12:43:21Z
ROUND 6 GATE_OPEN load1=2.23 waited=340s 2026-09-06T12:49:02Z
ROUND 6 START 2026-09-06T12:49:02Z order=[B2 A B] load=[2.23 25.35 26.91]
ROUND 6 COMPLETE 2026-09-06T13:15:03Z load=[74.59 52.60 31.47]
ROUND 6 MIRRORED 2026-09-06T13:15:03Z
END 2026-09-06T13:15:03Z load=[74.59 52.60 31.47]
CAMPAIGN_ALLDONE
