START 2026-09-06T09:55:12Z load=[1,92 3,29 4,80]
block=exec BEFORE 10:55  up 17 days, 15:18, 3 users, load averages: 1,92 3,29 4,80
block=exec EXIT=0 SECONDS=98 RESULTLINES=62
block=exec AFTER  10:56  up 17 days, 15:20, 3 users, load averages: 2,88 3,21 4,59
block=cy BEFORE 10:56  up 17 days, 15:20, 3 users, load averages: 2,88 3,21 4,59
block=cy EXIT=0 SECONDS=166 RESULTLINES=79
block=cy AFTER  10:59  up 17 days, 15:23, 3 users, load averages: 3,90 3,42 4,42
block=wal BEFORE 10:59  up 17 days, 15:23, 3 users, load averages: 3,90 3,42 4,42
block=wal EXIT=0 SECONDS=41 RESULTLINES=25
block=wal AFTER  11:00  up 17 days, 15:23, 3 users, load averages: 3,08 3,29 4,32
block=txn BEFORE 11:00  up 17 days, 15:23, 3 users, load averages: 3,08 3,29 4,32
block=txn EXIT=0 SECONDS=3 RESULTLINES=2
block=txn AFTER  11:00  up 17 days, 15:23, 3 users, load averages: 2,83 3,23 4,30
block=search BEFORE 11:00  up 17 days, 15:23, 3 users, load averages: 2,83 3,23 4,30
block=search EXIT=0 SECONDS=69 RESULTLINES=4
block=search AFTER  11:01  up 17 days, 15:25, 3 users, load averages: 5,18 3,85 4,45
block=centrality BEFORE 11:01  up 17 days, 15:25, 3 users, load averages: 5,18 3,85 4,45
block=centrality EXIT=0 SECONDS=2 RESULTLINES=1
block=centrality AFTER  11:01  up 17 days, 15:25, 3 users, load averages: 4,92 3,82 4,43
block=Lreadtx BEFORE 11:01  up 17 days, 15:25, 3 users, load averages: 4,92 3,82 4,43
block=Lreadtx EXIT=0 SECONDS=15 RESULTLINES=10
block=Lreadtx AFTER  11:01  up 17 days, 15:25, 3 users, load averages: 12,85 5,54 5,03
block=Lcypar BEFORE 11:01  up 17 days, 15:25, 3 users, load averages: 12,85 5,54 5,03
block=Lcypar EXIT=0 SECONDS=60 RESULTLINES=35
block=Lcypar AFTER  11:02  up 17 days, 15:26, 3 users, load averages: 16,05 7,75 5,89
block=Llpg BEFORE 11:02  up 17 days, 15:26, 3 users, load averages: 16,05 7,75 5,89
block=Llpg EXIT=0 SECONDS=14 RESULTLINES=10
block=Llpg AFTER  11:03  up 17 days, 15:26, 3 users, load averages: 17,09 8,26 6,09
block=Lmvcc BEFORE 11:03  up 17 days, 15:26, 3 users, load averages: 17,09 8,26 6,09
block=Lmvcc EXIT=0 SECONDS=25 RESULTLINES=20
block=Lmvcc AFTER  11:03  up 17 days, 15:26, 3 users, load averages: 14,89 8,45 6,22
block=Lprom BEFORE 11:03  up 17 days, 15:26, 3 users, load averages: 14,89 8,45 6,22
block=Lprom EXIT=0 SECONDS=7 RESULTLINES=5
block=Lprom AFTER  11:03  up 17 days, 15:27, 3 users, load averages: 34,46 12,71 7,75
block=Lmapper BEFORE 11:03  up 17 days, 15:27, 3 users, load averages: 34,46 12,71 7,75
block=Lmapper EXIT=0 SECONDS=8 RESULTLINES=5
block=Lmapper AFTER  11:03  up 17 days, 15:27, 3 users, load averages: 32,42 12,64 7,76
block=Ltxn BEFORE 11:03  up 17 days, 15:27, 3 users, load averages: 32,42 12,64 7,76
block=Ltxn EXIT=0 SECONDS=6 RESULTLINES=4
block=Ltxn AFTER  11:03  up 17 days, 15:27, 3 users, load averages: 27,59 12,26 7,68
block=Lbolt BEFORE 11:03  up 17 days, 15:27, 3 users, load averages: 27,59 12,26 7,68
block=Lbolt EXIT=0 SECONDS=15 RESULTLINES=10
block=Lbolt AFTER  11:04  up 17 days, 15:27, 3 users, load averages: 26,29 12,70 7,91
END 2026-09-06T10:04:01Z
SIZING_ALLDONE
