### round=1 arm=base set=A exit=0 
### round=1 arm=base2 set=A exit=0 
### round=1 arm=head set=A exit=0 
### round=2 arm=base set=A exit=0 
### round=2 arm=base2 set=A exit=0 
### round=2 arm=head set=A exit=0 
### round=3 arm=base set=A exit=0 
### round=3 arm=base2 set=A exit=0 
### round=3 arm=head set=A exit=0 
### round=4 arm=base set=A exit=0 
### round=4 arm=base2 set=A exit=0 
### round=4 arm=head set=A exit=0 
### round=5 arm=base set=A exit=0 
### round=5 arm=base2 set=A exit=0 
### round=5 arm=head set=A exit=0 
### round=1 arm=base set=B exit=0 
### round=1 arm=base2 set=B exit=0 
### round=1 arm=head set=B exit=0 
### round=2 arm=base set=B exit=0 
### round=2 arm=base2 set=B exit=0 
### round=2 arm=head set=B exit=0 
### round=3 arm=base set=B exit=0 
### round=3 arm=base2 set=B exit=0 
### round=3 arm=head set=B exit=0 
### round=4 arm=base set=B exit=0 
### round=4 arm=base2 set=B exit=0 
### round=4 arm=head set=B exit=0 
### round=5 arm=base set=B exit=0 
### round=5 arm=base2 set=B exit=0 
### round=5 arm=head set=B exit=0 
### round=6 arm=base set=B exit=0 
### round=6 arm=base2 set=B exit=0 
### round=6 arm=head set=B exit=0 
### round=7 arm=base set=B exit=0 
### round=7 arm=base2 set=B exit=0 
### round=7 arm=head set=B exit=0 
### round=8 arm=base set=B exit=0 
### round=8 arm=base2 set=B exit=0 
### round=8 arm=head set=B exit=0 
ALL_DONE
