### round=1 arm=base set=A loadavg=2,51 2,53 2,37
### round=1 arm=base2 set=A loadavg=3,56 2,83 2,49
### round=1 arm=head set=A loadavg=3,31 2,89 2,54
### round=2 arm=base set=A loadavg=3,21 2,95 2,59
### round=2 arm=base2 set=A loadavg=3,59 3,13 2,69
### round=2 arm=head set=A loadavg=3,82 3,30 2,78
### round=3 arm=base set=A loadavg=3,06 3,16 2,76
### round=3 arm=base2 set=A loadavg=3,39 3,29 2,84
### round=3 arm=head set=A loadavg=3,17 3,24 2,86
### round=4 arm=base set=A loadavg=3,21 3,30 2,91
### round=4 arm=base2 set=A loadavg=3,27 3,30 2,94
### round=4 arm=head set=A loadavg=3,32 3,33 2,98
### round=5 arm=base set=A loadavg=3,55 3,46 3,06
### round=5 arm=base2 set=A loadavg=4,19 3,67 3,17
### round=5 arm=head set=A loadavg=4,35 3,85 3,27
### round=1 arm=base set=B loadavg=3,70 3,71 3,26
### round=1 arm=base2 set=B loadavg=5,35 4,07 3,39
### round=1 arm=head set=B loadavg=5,75 4,20 3,45
### round=2 arm=base set=B loadavg=5,71 4,24 3,47
### round=2 arm=base2 set=B loadavg=6,45 4,44 3,55
### round=2 arm=head set=B loadavg=7,45 4,72 3,66
### round=3 arm=base set=B loadavg=7,64 4,89 3,74
### round=3 arm=base2 set=B loadavg=8,05 5,06 3,81
### round=3 arm=head set=B loadavg=7,76 5,09 3,83
### round=4 arm=base set=B loadavg=8,72 5,38 3,95
### round=4 arm=base2 set=B loadavg=9,17 5,65 4,07
### round=4 arm=head set=B loadavg=9,61 5,86 4,17
### round=5 arm=base set=B loadavg=10,05 6,08 4,26
### round=5 arm=base2 set=B loadavg=10,28 6,26 4,35
### round=5 arm=head set=B loadavg=9,41 6,20 4,35
### round=6 arm=base set=B loadavg=9,00 6,21 4,37
### round=6 arm=base2 set=B loadavg=9,46 6,40 4,46
### round=6 arm=head set=B loadavg=9,36 6,52 4,54
### round=7 arm=base set=B loadavg=10,07 6,76 4,65
### round=7 arm=base2 set=B loadavg=10,83 7,03 4,77
### round=7 arm=head set=B loadavg=10,27 7,03 4,79
### round=8 arm=base set=B loadavg=9,72 7,02 4,81
### round=8 arm=base2 set=B loadavg=9,59 7,08 4,86
### round=8 arm=head set=B loadavg=10,05 7,30 4,98
